Archive member included to satisfy reference by file (symbol)

/home/danielcrovo/intelFPGA_lite/21.1/nios2eds/bin/gnu/H-x86_64-pc-linux-gnu/bin/../lib/gcc/nios2-elf/11.2.1/libgcc.a(lib2-divmod.o)
                              obj/default/hello_world.o (__udivsi3)
/home/danielcrovo/intelFPGA_lite/21.1/nios2eds/bin/gnu/H-x86_64-pc-linux-gnu/bin/../lib/gcc/nios2-elf/11.2.1/../../../../../H-x86_64-pc-linux-gnu/nios2-elf/lib/libc.a(lib_a-printf.o)
                              obj/default/hello_world.o (printf)
/home/danielcrovo/intelFPGA_lite/21.1/nios2eds/bin/gnu/H-x86_64-pc-linux-gnu/bin/../lib/gcc/nios2-elf/11.2.1/../../../../../H-x86_64-pc-linux-gnu/nios2-elf/lib/libc.a(lib_a-puts.o)
                              obj/default/hello_world.o (puts)
/home/danielcrovo/intelFPGA_lite/21.1/nios2eds/bin/gnu/H-x86_64-pc-linux-gnu/bin/../lib/gcc/nios2-elf/11.2.1/../../../../../H-x86_64-pc-linux-gnu/nios2-elf/lib/libc.a(lib_a-scanf.o)
                              obj/default/hello_world.o (scanf)
/home/danielcrovo/intelFPGA_lite/21.1/nios2eds/bin/gnu/H-x86_64-pc-linux-gnu/bin/../lib/gcc/nios2-elf/11.2.1/../../../../../H-x86_64-pc-linux-gnu/nios2-elf/lib/libc.a(lib_a-strlen.o)
                              /home/danielcrovo/intelFPGA_lite/21.1/nios2eds/bin/gnu/H-x86_64-pc-linux-gnu/bin/../lib/gcc/nios2-elf/11.2.1/../../../../../H-x86_64-pc-linux-gnu/nios2-elf/lib/libc.a(lib_a-puts.o) (strlen)
/home/danielcrovo/intelFPGA_lite/21.1/nios2eds/bin/gnu/H-x86_64-pc-linux-gnu/bin/../lib/gcc/nios2-elf/11.2.1/../../../../../H-x86_64-pc-linux-gnu/nios2-elf/lib/libc.a(lib_a-vfprintf.o)
                              /home/danielcrovo/intelFPGA_lite/21.1/nios2eds/bin/gnu/H-x86_64-pc-linux-gnu/bin/../lib/gcc/nios2-elf/11.2.1/../../../../../H-x86_64-pc-linux-gnu/nios2-elf/lib/libc.a(lib_a-printf.o) (___vfprintf_internal_r)
/home/danielcrovo/intelFPGA_lite/21.1/nios2eds/bin/gnu/H-x86_64-pc-linux-gnu/bin/../lib/gcc/nios2-elf/11.2.1/../../../../../H-x86_64-pc-linux-gnu/nios2-elf/lib/libc.a(lib_a-vfscanf.o)
                              /home/danielcrovo/intelFPGA_lite/21.1/nios2eds/bin/gnu/H-x86_64-pc-linux-gnu/bin/../lib/gcc/nios2-elf/11.2.1/../../../../../H-x86_64-pc-linux-gnu/nios2-elf/lib/libc.a(lib_a-scanf.o) (_vfscanf_r)
/home/danielcrovo/intelFPGA_lite/21.1/nios2eds/bin/gnu/H-x86_64-pc-linux-gnu/bin/../lib/gcc/nios2-elf/11.2.1/../../../../../H-x86_64-pc-linux-gnu/nios2-elf/lib/libc.a(lib_a-wsetup.o)
                              /home/danielcrovo/intelFPGA_lite/21.1/nios2eds/bin/gnu/H-x86_64-pc-linux-gnu/bin/../lib/gcc/nios2-elf/11.2.1/../../../../../H-x86_64-pc-linux-gnu/nios2-elf/lib/libc.a(lib_a-vfprintf.o) (__swsetup_r)
/home/danielcrovo/intelFPGA_lite/21.1/nios2eds/bin/gnu/H-x86_64-pc-linux-gnu/bin/../lib/gcc/nios2-elf/11.2.1/../../../../../H-x86_64-pc-linux-gnu/nios2-elf/lib/libc.a(lib_a-ctype_.o)
                              /home/danielcrovo/intelFPGA_lite/21.1/nios2eds/bin/gnu/H-x86_64-pc-linux-gnu/bin/../lib/gcc/nios2-elf/11.2.1/../../../../../H-x86_64-pc-linux-gnu/nios2-elf/lib/libc.a(lib_a-vfscanf.o) (_ctype_)
/home/danielcrovo/intelFPGA_lite/21.1/nios2eds/bin/gnu/H-x86_64-pc-linux-gnu/bin/../lib/gcc/nios2-elf/11.2.1/../../../../../H-x86_64-pc-linux-gnu/nios2-elf/lib/libc.a(lib_a-dtoa.o)
                              /home/danielcrovo/intelFPGA_lite/21.1/nios2eds/bin/gnu/H-x86_64-pc-linux-gnu/bin/../lib/gcc/nios2-elf/11.2.1/../../../../../H-x86_64-pc-linux-gnu/nios2-elf/lib/libc.a(lib_a-vfprintf.o) (_dtoa_r)
/home/danielcrovo/intelFPGA_lite/21.1/nios2eds/bin/gnu/H-x86_64-pc-linux-gnu/bin/../lib/gcc/nios2-elf/11.2.1/../../../../../H-x86_64-pc-linux-gnu/nios2-elf/lib/libc.a(lib_a-fflush.o)
                              /home/danielcrovo/intelFPGA_lite/21.1/nios2eds/bin/gnu/H-x86_64-pc-linux-gnu/bin/../lib/gcc/nios2-elf/11.2.1/../../../../../H-x86_64-pc-linux-gnu/nios2-elf/lib/libc.a(lib_a-vfprintf.o) (_fflush_r)
/home/danielcrovo/intelFPGA_lite/21.1/nios2eds/bin/gnu/H-x86_64-pc-linux-gnu/bin/../lib/gcc/nios2-elf/11.2.1/../../../../../H-x86_64-pc-linux-gnu/nios2-elf/lib/libc.a(lib_a-findfp.o)
                              /home/danielcrovo/intelFPGA_lite/21.1/nios2eds/bin/gnu/H-x86_64-pc-linux-gnu/bin/../lib/gcc/nios2-elf/11.2.1/../../../../../H-x86_64-pc-linux-gnu/nios2-elf/lib/libc.a(lib_a-puts.o) (__sinit)
/home/danielcrovo/intelFPGA_lite/21.1/nios2eds/bin/gnu/H-x86_64-pc-linux-gnu/bin/../lib/gcc/nios2-elf/11.2.1/../../../../../H-x86_64-pc-linux-gnu/nios2-elf/lib/libc.a(lib_a-fread.o)
                              /home/danielcrovo/intelFPGA_lite/21.1/nios2eds/bin/gnu/H-x86_64-pc-linux-gnu/bin/../lib/gcc/nios2-elf/11.2.1/../../../../../H-x86_64-pc-linux-gnu/nios2-elf/lib/libc.a(lib_a-vfscanf.o) (_fread_r)
/home/danielcrovo/intelFPGA_lite/21.1/nios2eds/bin/gnu/H-x86_64-pc-linux-gnu/bin/../lib/gcc/nios2-elf/11.2.1/../../../../../H-x86_64-pc-linux-gnu/nios2-elf/lib/libc.a(lib_a-freer.o)
[...]
Memory Configuration

Name             Origin             Length             Attributes
reset            0x0000000000020000 0x0000000000000020
onchip_mem       0x0000000000020020 0x000000000001d4a0
*default*        0x0000000000000000 0xffffffffffffffff

Linker script and memory map

LOAD ../nios_div_bsp//obj/HAL/src/crt0.o
LOAD obj/default/hello_world.o
LOAD /home/danielcrovo/intelFPGA_lite/21.1/nios2eds/bin/gnu/H-x86_64-pc-linux-gnu/bin/../lib/gcc/nios2-elf/11.2.1/../../../../../H-x86_64-pc-linux-gnu/nios2-elf/lib/libstdc++.a
LOAD /home/danielcrovo/intelFPGA_lite/21.1/nios2eds/bin/gnu/H-x86_64-pc-linux-gnu/bin/../lib/gcc/nios2-elf/11.2.1/../../../../../H-x86_64-pc-linux-gnu/nios2-elf/lib/libm.a
LOAD /home/danielcrovo/intelFPGA_lite/21.1/nios2eds/bin/gnu/H-x86_64-pc-linux-gnu/bin/../lib/gcc/nios2-elf/11.2.1/libgcc.a
START GROUP
LOAD /home/danielcrovo/intelFPGA_lite/21.1/nios2eds/bin/gnu/H-x86_64-pc-linux-gnu/bin/../lib/gcc/nios2-elf/11.2.1/../../../../../H-x86_64-pc-linux-gnu/nios2-elf/lib/libc.a
LOAD /home/danielcrovo/intelFPGA_lite/21.1/nios2eds/bin/gnu/H-x86_64-pc-linux-gnu/bin/../lib/gcc/nios2-elf/11.2.1/libgcc.a
LOAD ../nios_div_bsp//libhal_bsp.a
LOAD /home/danielcrovo/intelFPGA_lite/21.1/nios2eds/bin/gnu/H-x86_64-pc-linux-gnu/bin/../lib/gcc/nios2-elf/11.2.1/../../../../../H-x86_64-pc-linux-gnu/nios2-elf/lib/libm.a
END GROUP
LOAD /home/danielcrovo/intelFPGA_lite/21.1/nios2eds/bin/gnu/H-x86_64-pc-linux-gnu/bin/../lib/gcc/nios2-elf/11.2.1/libgcc.a
                0x0000000000020000                __alt_mem_onchip_mem = 0x20000

.entry          0x0000000000020000       0x20
 *(.entry)
 .entry         0x0000000000020000       0x20 ../nios_div_bsp//obj/HAL/src/crt0.o
                0x0000000000020000                __reset

.exceptions     0x0000000000020020      0x218
                0x0000000000020020                PROVIDE (__ram_exceptions_start = ABSOLUTE (.))
                0x0000000000020020                . = ALIGN (0x20)
 *(.irq)
 *(.exceptions.entry.label)
 .exceptions.entry.label
                0x0000000000020020        0x0 ../nios_div_bsp//libhal_bsp.a(alt_irq_entry.o)
                0x0000000000020020                alt_irq_entry
 .exceptions.entry.label
                0x0000000000020020        0x0 ../nios_div_bsp//libhal_bsp.a(alt_exception_entry.o)
                0x0000000000020020                alt_exception
 *(.exceptions.entry.user)
 *(.exceptions.entry.ecc_fatal)
 *(.exceptions.entry)
 .exceptions.entry
                0x0000000000020020       0x54 ../nios_div_bsp//libhal_bsp.a(alt_exception_entry.o)
 *(.exceptions.irqtest.user)
 *(.exceptions.irqtest)
 .exceptions.irqtest
                0x0000000000020074       0x10 ../nios_div_bsp//libhal_bsp.a(alt_irq_entry.o)
 *(.exceptions.irqhandler.user)
 *(.exceptions.irqhandler)
 .exceptions.irqhandler
                0x0000000000020084        0x4 ../nios_div_bsp//libhal_bsp.a(alt_irq_entry.o)
 *(.exceptions.irqreturn.user)
 *(.exceptions.irqreturn)
 .exceptions.irqreturn
                0x0000000000020088        0x4 ../nios_div_bsp//libhal_bsp.a(alt_irq_entry.o)
 *(.exceptions.notirq.label)
 .exceptions.notirq.label
                0x000000000002008c        0x0 ../nios_div_bsp//libhal_bsp.a(alt_irq_entry.o)
 *(.exceptions.notirq.user)
 *(.exceptions.notirq)
 .exceptions.notirq
                0x000000000002008c        0x8 ../nios_div_bsp//libhal_bsp.a(alt_exception_entry.o)
 *(.exceptions.soft.user)
 *(.exceptions.soft)
 *(.exceptions.unknown.user)
 *(.exceptions.unknown)
 .exceptions.unknown
                0x0000000000020094       0x14 ../nios_div_bsp//libhal_bsp.a(alt_exception_entry.o)
 *(.exceptions.exit.label)
 .exceptions.exit.label
                0x00000000000200a8        0x0 ../nios_div_bsp//libhal_bsp.a(alt_irq_entry.o)
 .exceptions.exit.label
                0x00000000000200a8        0x0 ../nios_div_bsp//libhal_bsp.a(alt_exception_entry.o)
 *(.exceptions.exit.user)
 *(.exceptions.exit)
 .exceptions.exit
                0x00000000000200a8       0x54 ../nios_div_bsp//libhal_bsp.a(alt_exception_entry.o)
 *(.exceptions)
 .exceptions    0x00000000000200fc       0xc8 ../nios_div_bsp//libhal_bsp.a(alt_irq_handler.o)
                0x00000000000200fc                alt_irq_handler
 .exceptions    0x00000000000201c4       0x74 ../nios_div_bsp//libhal_bsp.a(alt_instruction_exception_entry.o)
                0x00000000000201c4                alt_instruction_exception_entry
                0x0000000000020238                PROVIDE (__ram_exceptions_end = ABSOLUTE (.))
                0x0000000000020020                PROVIDE (__flash_exceptions_start = LOADADDR (.exceptions))

.text           0x0000000000020238    0x181c4
                [!provide]                        PROVIDE (stext = ABSOLUTE (.))
 *(.interp)
 *(.hash)
 *(.dynsym)
 *(.dynstr)
 *(.gnu.version)
 *(.gnu.version_d)
 *(.gnu.version_r)
 *(.rel.init)
 *(.rela.init)
 *(.rel.text .rel.text.* .rel.gnu.linkonce.t.*)
 *(.rela.text .rela.text.* .rela.gnu.linkonce.t.*)
 *(.rel.fini)
 *(.rela.fini)
 *(.rel.rodata .rel.rodata.* .rel.gnu.linkonce.r.*)
 *(.rela.rodata .rela.rodata.* .rela.gnu.linkonce.r.*)
 *(.rel.data .rel.data.* .rel.gnu.linkonce.d.*)
 *(.rela.data .rela.data.* .rela.gnu.linkonce.d.*)
 *(.rel.tdata .rel.tdata.* .rel.gnu.linkonce.td.*)
 *(.rela.tdata .rela.tdata.* .rela.gnu.linkonce.td.*)
 *(.rel.tbss .rel.tbss.* .rel.gnu.linkonce.tb.*)
 *(.rela.tbss .rela.tbss.* .rela.gnu.linkonce.tb.*)
 *(.rel.ctors)
 *(.rela.ctors)
 *(.rel.dtors)
 *(.rela.dtors)
 *(.rel.got)
 *(.rela.got)
 *(.rel.sdata .rel.sdata.* .rel.gnu.linkonce.s.*)
 *(.rela.sdata .rela.sdata.* .rela.gnu.linkonce.s.*)
 *(.rel.sbss .rel.sbss.* .rel.gnu.linkonce.sb.*)
 *(.rela.sbss .rela.sbss.* .rela.gnu.linkonce.sb.*)
 *(.rel.sdata2 .rel.sdata2.* .rel.gnu.linkonce.s2.*)
 *(.rela.sdata2 .rela.sdata2.* .rela.gnu.linkonce.s2.*)
 *(.rel.sbss2 .rel.sbss2.* .rel.gnu.linkonce.sb2.*)
 *(.rela.sbss2 .rela.sbss2.* .rela.gnu.linkonce.sb2.*)
 *(.rel.bss .rel.bss.* .rel.gnu.linkonce.b.*)
 *(.rela.bss .rela.bss.* .rela.gnu.linkonce.b.*)
 *(.rel.plt)
 *(.rela.plt)
 *(.rel.dyn)
 *(.init)
 *(.plt)
 *(.text .stub .text.* .gnu.linkonce.t.*)
 .text          0x0000000000020238       0x4c ../nios_div_bsp//obj/HAL/src/crt0.o
                0x0000000000020238                _start
 .text          0x0000000000020284      0x29c obj/default/hello_world.o
                0x0000000000020284                main
                0x0000000000020454                sseg_conv_hex
                0x00000000000204a4                sseg_disp_ptn
 .text          0x0000000000020520      0x1b4 /home/danielcrovo/intelFPGA_lite/21.1/nios2eds/bin/gnu/H-x86_64-pc-linux-gnu/bin/../lib/gcc/nios2-elf/11.2.1/libgcc.a(lib2-divmod.o)
                0x0000000000020520                __divsi3
                0x00000000000205a0                __modsi3
                0x0000000000020614                __udivsi3
                0x0000000000020678                __umodsi3
 .text          0x00000000000206d4        0x0 /home/danielcrovo/intelFPGA_lite/21.1/nios2eds/bin/gnu/H-x86_64-pc-linux-gnu/bin/../lib/gcc/nios2-elf/11.2.1/../../../../../H-x86_64-pc-linux-gnu/nios2-elf/lib/libc.a(lib_a-printf.o)
 .text._printf_r
                0x00000000000206d4       0x30 /home/danielcrovo/intelFPGA_lite/21.1/nios2eds/bin/gnu/H-x86_64-pc-linux-gnu/bin/../lib/gcc/nios2-elf/11.2.1/../../../../../H-x86_64-pc-linux-gnu/nios2-elf/lib/libc.a(lib_a-printf.o)
                0x00000000000206d4                _printf_r
 .text.printf   0x0000000000020704       0x38 /home/danielcrovo/intelFPGA_lite/21.1/nios2eds/bin/gnu/H-x86_64-pc-linux-gnu/bin/../lib/gcc/nios2-elf/11.2.1/../../../../../H-x86_64-pc-linux-gnu/nios2-elf/lib/libc.a(lib_a-printf.o)
                0x0000000000020704                printf
 .text          0x000000000002073c        0x0 /home/danielcrovo/intelFPGA_lite/21.1/nios2eds/bin/gnu/H-x86_64-pc-linux-gnu/bin/../lib/gcc/nios2-elf/11.2.1/../../../../../H-x86_64-pc-linux-gnu/nios2-elf/lib/libc.a(lib_a-puts.o)
 .text._puts_r  0x000000000002073c       0xcc /home/danielcrovo/intelFPGA_lite/21.1/nios2eds/bin/gnu/H-x86_64-pc-linux-gnu/bin/../lib/gcc/nios2-elf/11.2.1/../../../../../H-x86_64-pc-linux-gnu/nios2-elf/lib/libc.a(lib_a-puts.o)
                0x000000000002073c                _puts_r
 .text.puts     0x0000000000020808       0x10 /home/danielcrovo/intelFPGA_lite/21.1/nios2eds/bin/gnu/H-x86_64-pc-linux-gnu/bin/../lib/gcc/nios2-elf/11.2.1/../../../../../H-x86_64-pc-linux-gnu/nios2-elf/lib/libc.a(lib_a-puts.o)
                0x0000000000020808                puts
 .text          0x0000000000020818        0x0 /home/danielcrovo/intelFPGA_lite/21.1/nios2eds/bin/gnu/H-x86_64-pc-linux-gnu/bin/../lib/gcc/nios2-elf/11.2.1/../../../../../H-x86_64-pc-linux-gnu/nios2-elf/lib/libc.a(lib_a-scanf.o)
 .text.scanf    0x0000000000020818       0x3c /home/danielcrovo/intelFPGA_lite/21.1/nios2eds/bin/gnu/H-x86_64-pc-linux-gnu/bin/../lib/gcc/nios2-elf/11.2.1/../../../../../H-x86_64-pc-linux-gnu/nios2-elf/lib/libc.a(lib_a-scanf.o)
                0x0000000000020818                scanf
 .text._scanf_r
                0x0000000000020854       0x30 /home/danielcrovo/intelFPGA_lite/21.1/nios2eds/bin/gnu/H-x86_64-pc-linux-gnu/bin/../lib/gcc/nios2-elf/11.2.1/../../../../../H-x86_64-pc-linux-gnu/nios2-elf/lib/libc.a(lib_a-scanf.o)
                0x0000000000020854                _scanf_r
 .text          0x0000000000020884        0x0 /home/danielcrovo/intelFPGA_lite/21.1/nios2eds/bin/gnu/H-x86_64-pc-linux-gnu/bin/../lib/gcc/nios2-elf/11.2.1/../../../../../H-x86_64-pc-linux-gnu/nios2-elf/lib/libc.a(lib_a-strlen.o)
 .text.strlen   0x0000000000020884       0x98 /home/danielcrovo/intelFPGA_lite/21.1/nios2eds/bin/gnu/H-x86_64-pc-linux-gnu/bin/../lib/gcc/nios2-elf/11.2.1/../../../../../H-x86_64-pc-linux-gnu/nios2-elf/lib/libc.a(lib_a-strlen.o)
                0x0000000000020884                strlen
 .text          0x000000000002091c        0x0 /home/danielcrovo/intelFPGA_lite/21.1/nios2eds/bin/gnu/H-x86_64-pc-linux-gnu/bin/../lib/gcc/nios2-elf/11.2.1/../../../../../H-x86_64-pc-linux-gnu/nios2-elf/lib/libc.a(lib_a-vfprintf.o)
 .text.___vfprintf_internal_r
                0x000000000002091c     0x2010 /home/danielcrovo/intelFPGA_lite/21.1/nios2eds/bin/gnu/H-x86_64-pc-linux-gnu/bin/../lib/gcc/nios2-elf/11.2.1/../../../../../H-x86_64-pc-linux-gnu/nios2-elf/lib/libc.a(lib_a-vfprintf.o)
                0x000000000002091c                ___vfprintf_internal_r
 .text.__vfprintf_internal
                0x000000000002292c       0x1c /home/danielcrovo/intelFPGA_lite/21.1/nios2eds/bin/gnu/H-x86_64-pc-linux-gnu/bin/../lib/gcc/nios2-elf/11.2.1/../../../../../H-x86_64-pc-linux-gnu/nios2-elf/lib/libc.a(lib_a-vfprintf.o)
                0x000000000002292c                __vfprintf_internal
 .text.__sbprintf
                0x0000000000022948       0xc0 /home/danielcrovo/intelFPGA_lite/21.1/nios2eds/bin/gnu/H-x86_64-pc-linux-gnu/bin/../lib/gcc/nios2-elf/11.2.1/../../../../../H-x86_64-pc-linux-gnu/nios2-elf/lib/libc.a(lib_a-vfprintf.o)
 .text          0x0000000000022a08        0x0 /home/danielcrovo/intelFPGA_lite/21.1/nios2eds/bin/gnu/H-x86_64-pc-linux-gnu/bin/../lib/gcc/nios2-elf/11.2.1/../../../../../H-x86_64-pc-linux-gnu/nios2-elf/lib/libc.a(lib_a-vfscanf.o)
 .text.__svfscanf_r
                0x0000000000022a08     0x18b8 /home/danielcrovo/intelFPGA_lite/21.1/nios2eds/bin/gnu/H-x86_64-pc-linux-gnu/bin/../lib/gcc/nios2-elf/11.2.1/../../../../../H-x86_64-pc-linux-gnu/nios2-elf/lib/libc.a(lib_a-vfscanf.o)
                0x0000000000022a08                __svfscanf_r
 .text.vfscanf  0x00000000000242c0       0x68 /home/danielcrovo/intelFPGA_lite/21.1/nios2eds/bin/gnu/H-x86_64-pc-linux-gnu/bin/../lib/gcc/nios2-elf/11.2.1/../../../../../H-x86_64-pc-linux-gnu/nios2-elf/lib/libc.a(lib_a-vfscanf.o)
                0x00000000000242c0                vfscanf
 .text.__svfscanf
                0x0000000000024328       0x1c /home/danielcrovo/intelFPGA_lite/21.1/nios2eds/bin/gnu/H-x86_64-pc-linux-gnu/bin/../lib/gcc/nios2-elf/11.2.1/../../../../../H-x86_64-pc-linux-gnu/nios2-elf/lib/libc.a(lib_a-vfscanf.o)
                0x0000000000024328                __svfscanf
 .text._vfscanf_r
                0x0000000000024344       0x50 /home/danielcrovo/intelFPGA_lite/21.1/nios2eds/bin/gnu/H-x86_64-pc-linux-gnu/bin/../lib/gcc/nios2-elf/11.2.1/../../../../../H-x86_64-pc-linux-gnu/nios2-elf/lib/libc.a(lib_a-vfscanf.o)
                0x0000000000024344                _vfscanf_r
 .text          0x0000000000024394        0x0 /home/danielcrovo/intelFPGA_lite/21.1/nios2eds/bin/gnu/H-x86_64-pc-linux-gnu/bin/../lib/gcc/nios2-elf/11.2.1/../../../../../H-x86_64-pc-linux-gnu/nios2-elf/lib/libc.a(lib_a-wsetup.o)
 .text.__swsetup_r
                0x0000000000024394      0x164 /home/danielcrovo/intelFPGA_lite/21.1/nios2eds/bin/gnu/H-x86_64-pc-linux-gnu/bin/../lib/gcc/nios2-elf/11.2.1/../../../../../H-x86_64-pc-linux-gnu/nios2-elf/lib/libc.a(lib_a-wsetup.o)
                0x0000000000024394                __swsetup_r
 .text          0x00000000000244f8        0x0 /home/danielcrovo/intelFPGA_lite/21.1/nios2eds/bin/gnu/H-x86_64-pc-linux-gnu/bin/../lib/gcc/nios2-elf/11.2.1/../../../../../H-x86_64-pc-linux-gnu/nios2-elf/lib/libc.a(lib_a-ctype_.o)
 .text          0x00000000000244f8        0x0 /home/danielcrovo/intelFPGA_lite/21.1/nios2eds/bin/gnu/H-x86_64-pc-linux-gnu/bin/../lib/gcc/nios2-elf/11.2.1/../../../../../H-x86_64-pc-linux-gnu/nios2-elf/lib/libc.a(lib_a-dtoa.o)
 .text.quorem   0x00000000000244f8      0x1fc /home/danielcrovo/intelFPGA_lite/21.1/nios2eds/bin/gnu/H-x86_64-pc-linux-gnu/bin/../lib/gcc/nios2-elf/11.2.1/../../../../../H-x86_64-pc-linux-gnu/nios2-elf/lib/libc.a(lib_a-dtoa.o)
 .text._dtoa_r  0x00000000000246f4     0x175c /home/danielcrovo/intelFPGA_lite/21.1/nios2eds/bin/gnu/H-x86_64-pc-linux-gnu/bin/../lib/gcc/nios2-elf/11.2.1/../../../../../H-x86_64-pc-linux-gnu/nios2-elf/lib/libc.a(lib_a-dtoa.o)
                0x00000000000246f4                _dtoa_r
 .text          0x0000000000025e50        0x0 /home/danielcrovo/intelFPGA_lite/21.1/nios2eds/bin/gnu/H-x86_64-pc-linux-gnu/bin/../lib/gcc/nios2-elf/11.2.1/../../../../../H-x86_64-pc-linux-gnu/nios2-elf/lib/libc.a(lib_a-fflush.o)
 .text.__sflush_r
                0x0000000000025e50      0x228 /home/danielcrovo/intelFPGA_lite/21.1/nios2eds/bin/gnu/H-x86_64-pc-linux-gnu/bin/../lib/gcc/nios2-elf/11.2.1/../../../../../H-x86_64-pc-linux-gnu/nios2-elf/lib/libc.a(lib_a-fflush.o)
                0x0000000000025e50                __sflush_r
 .text._fflush_r
                0x0000000000026078       0x60 /home/danielcrovo/intelFPGA_lite/21.1/nios2eds/bin/gnu/H-x86_64-pc-linux-gnu/bin/../lib/gcc/nios2-elf/11.2.1/../../../../../H-x86_64-pc-linux-gnu/nios2-elf/lib/libc.a(lib_a-fflush.o)
                0x0000000000026078                _fflush_r
 .text.fflush   0x00000000000260d8       0x84 /home/danielcrovo/intelFPGA_lite/21.1/nios2eds/bin/gnu/H-x86_64-pc-linux-gnu/bin/../lib/gcc/nios2-elf/11.2.1/../../../../../H-x86_64-pc-linux-gnu/nios2-elf/lib/libc.a(lib_a-fflush.o)
                0x00000000000260d8                fflush
 .text          0x000000000002615c        0x0 /home/danielcrovo/intelFPGA_lite/21.1/nios2eds/bin/gnu/H-x86_64-pc-linux-gnu/bin/../lib/gcc/nios2-elf/11.2.1/../../../../../H-x86_64-pc-linux-gnu/nios2-elf/lib/libc.a(lib_a-findfp.o)
 .text.__fp_lock
                0x000000000002615c        0x8 /home/danielcrovo/intelFPGA_lite/21.1/nios2eds/bin/gnu/H-x86_64-pc-linux-gnu/bin/../lib/gcc/nios2-elf/11.2.1/../../../../../H-x86_64-pc-linux-gnu/nios2-elf/lib/libc.a(lib_a-findfp.o)
 .text._cleanup_r
                0x0000000000026164        0xc /home/danielcrovo/intelFPGA_lite/21.1/nios2eds/bin/gnu/H-x86_64-pc-linux-gnu/bin/../lib/gcc/nios2-elf/11.2.1/../../../../../H-x86_64-pc-linux-gnu/nios2-elf/lib/libc.a(lib_a-findfp.o)
                0x0000000000026164                _cleanup_r
 .text.__fp_unlock
                0x0000000000026170        0x8 /home/danielcrovo/intelFPGA_lite/21.1/nios2eds/bin/gnu/H-x86_64-pc-linux-gnu/bin/../lib/gcc/nios2-elf/11.2.1/../../../../../H-x86_64-pc-linux-gnu/nios2-elf/lib/libc.a(lib_a-findfp.o)
 .text.__sinit.part.0
                0x0000000000026178      0x168 /home/danielcrovo/intelFPGA_lite/21.1/nios2eds/bin/gnu/H-x86_64-pc-linux-gnu/bin/../lib/gcc/nios2-elf/11.2.1/../../../../../H-x86_64-pc-linux-gnu/nios2-elf/lib/libc.a(lib_a-findfp.o)
 .text.__sfmoreglue
                0x00000000000262e0       0x68 /home/danielcrovo/intelFPGA_lite/21.1/nios2eds/bin/gnu/H-x86_64-pc-linux-gnu/bin/../lib/gcc/nios2-elf/11.2.1/../../../../../H-x86_64-pc-linux-gnu/nios2-elf/lib/libc.a(lib_a-findfp.o)
                0x00000000000262e0                __sfmoreglue
 .text.__sfp    0x0000000000026348      0x13c /home/danielcrovo/intelFPGA_lite/21.1/nios2eds/bin/gnu/H-x86_64-pc-linux-gnu/bin/../lib/gcc/nios2-elf/11.2.1/../../../../../H-x86_64-pc-linux-gnu/nios2-elf/lib/libc.a(lib_a-findfp.o)
                0x0000000000026348                __sfp
 .text._cleanup
                0x0000000000026484       0x14 /home/danielcrovo/intelFPGA_lite/21.1/nios2eds/bin/gnu/H-x86_64-pc-linux-gnu/bin/../lib/gcc/nios2-elf/11.2.1/../../../../../H-x86_64-pc-linux-gnu/nios2-elf/lib/libc.a(lib_a-findfp.o)
                0x0000000000026484                _cleanup
 .text.__sinit  0x0000000000026498       0x10 /home/danielcrovo/intelFPGA_lite/21.1/nios2eds/bin/gnu/H-x86_64-pc-linux-gnu/bin/../lib/gcc/nios2-elf/11.2.1/../../../../../H-x86_64-pc-linux-gnu/nios2-elf/lib/libc.a(lib_a-findfp.o)
                0x0000000000026498                __sinit
 .text.__sfp_lock_acquire
                0x00000000000264a8        0x4 /home/danielcrovo/intelFPGA_lite/21.1/nios2eds/bin/gnu/H-x86_64-pc-linux-gnu/bin/../lib/gcc/nios2-elf/11.2.1/../../../../../H-x86_64-pc-linux-gnu/nios2-elf/lib/libc.a(lib_a-findfp.o)
                0x00000000000264a8                __sfp_lock_acquire
 .text.__sfp_lock_release
                0x00000000000264ac        0x4 /home/danielcrovo/intelFPGA_lite/21.1/nios2eds/bin/gnu/H-x86_64-pc-linux-gnu/bin/../lib/gcc/nios2-elf/11.2.1/../../../../../H-x86_64-pc-linux-gnu/nios2-elf/lib/libc.a(lib_a-findfp.o)
                0x00000000000264ac                __sfp_lock_release
 .text.__sinit_lock_acquire
                0x00000000000264b0        0x4 /home/danielcrovo/intelFPGA_lite/21.1/nios2eds/bin/gnu/H-x86_64-pc-linux-gnu/bin/../lib/gcc/nios2-elf/11.2.1/../../../../../H-x86_64-pc-linux-gnu/nios2-elf/lib/libc.a(lib_a-findfp.o)
                0x00000000000264b0                __sinit_lock_acquire
 .text.__sinit_lock_release
                0x00000000000264b4        0x4 /home/danielcrovo/intelFPGA_lite/21.1/nios2eds/bin/gnu/H-x86_64-pc-linux-gnu/bin/../lib/gcc/nios2-elf/11.2.1/../../../../../H-x86_64-pc-linux-gnu/nios2-elf/lib/libc.a(lib_a-findfp.o)
                0x00000000000264b4                __sinit_lock_release
 .text.__fp_lock_all
                0x00000000000264b8       0x14 /home/danielcrovo/intelFPGA_lite/21.1/nios2eds/bin/gnu/H-x86_64-pc-linux-gnu/bin/../lib/gcc/nios2-elf/11.2.1/../../../../../H-x86_64-pc-linux-gnu/nios2-elf/lib/libc.a(lib_a-findfp.o)
                0x00000000000264b8                __fp_lock_all
 .text.__fp_unlock_all
                0x00000000000264cc       0x14 /home/danielcrovo/intelFPGA_lite/21.1/nios2eds/bin/gnu/H-x86_64-pc-linux-gnu/bin/../lib/gcc/nios2-elf/11.2.1/../../../../../H-x86_64-pc-linux-gnu/nios2-elf/lib/libc.a(lib_a-findfp.o)
                0x00000000000264cc                __fp_unlock_all
 .text          0x00000000000264e0        0x0 /home/danielcrovo/intelFPGA_lite/21.1/nios2eds/bin/gnu/H-x86_64-pc-linux-gnu/bin/../lib/gcc/nios2-elf/11.2.1/../../../../../H-x86_64-pc-linux-gnu/nios2-elf/lib/libc.a(lib_a-fread.o)
 .text._fread_r
                0x00000000000264e0      0x244 /home/danielcrovo/intelFPGA_lite/21.1/nios2eds/bin/gnu/H-x86_64-pc-linux-gnu/bin/../lib/gcc/nios2-elf/11.2.1/../../../../../H-x86_64-pc-linux-gnu/nios2-elf/lib/libc.a(lib_a-fread.o)
                0x00000000000264e0                _fread_r
 .text.fread    0x0000000000026724       0x34 /home/danielcrovo/intelFPGA_lite/21.1/nios2eds/bin/gnu/H-x86_64-pc-linux-gnu/bin/../lib/gcc/nios2-elf/11.2.1/../../../../../H-x86_64-pc-linux-gnu/nios2-elf/lib/libc.a(lib_a-fread.o)
                0x0000000000026724                fread
 .text          0x0000000000026758        0x0 /home/danielcrovo/intelFPGA_lite/21.1/nios2eds/bin/gnu/H-x86_64-pc-linux-gnu/bin/../lib/gcc/nios2-elf/11.2.1/../../../../../H-x86_64-pc-linux-gnu/nios2-elf/lib/libc.a(lib_a-freer.o)
 .text._malloc_trim_r
                0x0000000000026758      0x11c /home/danielcrovo/intelFPGA_lite/21.1/nios2eds/bin/gnu/H-x86_64-pc-linux-gnu/bin/../lib/gcc/nios2-elf/11.2.1/../../../../../H-x86_64-pc-linux-gnu/nios2-elf/lib/libc.a(lib_a-freer.o)
                0x0000000000026758                _malloc_trim_r
 .text._free_r  0x0000000000026874      0x2fc /home/danielcrovo/intelFPGA_lite/21.1/nios2eds/bin/gnu/H-x86_64-pc-linux-gnu/bin/../lib/gcc/nios2-elf/11.2.1/../../../../../H-x86_64-pc-linux-gnu/nios2-elf/lib/libc.a(lib_a-freer.o)
                0x0000000000026874                _free_r
 .text          0x0000000000026b70        0x0 /home/danielcrovo/intelFPGA_lite/21.1/nios2eds/bin/gnu/H-x86_64-pc-linux-gnu/bin/../lib/gcc/nios2-elf/11.2.1/../../../../../H-x86_64-pc-linux-gnu/nios2-elf/lib/libc.a(lib_a-fvwrite.o)
 .text.__sfvwrite_r
                0x0000000000026b70      0x4bc /home/danielcrovo/intelFPGA_lite/21.1/nios2eds/bin/gnu/H-x86_64-pc-linux-gnu/bin/../lib/gcc/nios2-elf/11.2.1/../../../../../H-x86_64-pc-linux-gnu/nios2-elf/lib/libc.a(lib_a-fvwrite.o)
                0x0000000000026b70                __sfvwrite_r
 .text          0x000000000002702c        0x0 /home/danielcrovo/intelFPGA_lite/21.1/nios2eds/bin/gnu/H-x86_64-pc-linux-gnu/bin/../lib/gcc/nios2-elf/11.2.1/../../../../../H-x86_64-pc-linux-gnu/nios2-elf/lib/libc.a(lib_a-fwalk.o)
 .text._fwalk   0x000000000002702c       0x98 /home/danielcrovo/intelFPGA_lite/21.1/nios2eds/bin/gnu/H-x86_64-pc-linux-gnu/bin/../lib/gcc/nios2-elf/11.2.1/../../../../../H-x86_64-pc-linux-gnu/nios2-elf/lib/libc.a(lib_a-fwalk.o)
                0x000000000002702c                _fwalk
 .text._fwalk_reent
                0x00000000000270c4       0xa8 /home/danielcrovo/intelFPGA_lite/21.1/nios2eds/bin/gnu/H-x86_64-pc-linux-gnu/bin/../lib/gcc/nios2-elf/11.2.1/../../../../../H-x86_64-pc-linux-gnu/nios2-elf/lib/libc.a(lib_a-fwalk.o)
                0x00000000000270c4                _fwalk_reent
 .text          0x000000000002716c        0x0 /home/danielcrovo/intelFPGA_lite/21.1/nios2eds/bin/gnu/H-x86_64-pc-linux-gnu/bin/../lib/gcc/nios2-elf/11.2.1/../../../../../H-x86_64-pc-linux-gnu/nios2-elf/lib/libc.a(lib_a-impure.o)
 .text          0x000000000002716c        0x0 /home/danielcrovo/intelFPGA_lite/21.1/nios2eds/bin/gnu/H-x86_64-pc-linux-gnu/bin/../lib/gcc/nios2-elf/11.2.1/../../../../../H-x86_64-pc-linux-gnu/nios2-elf/lib/libc.a(lib_a-iswspace.o)
 .text.iswspace
                0x000000000002716c        0x8 /home/danielcrovo/intelFPGA_lite/21.1/nios2eds/bin/gnu/H-x86_64-pc-linux-gnu/bin/../lib/gcc/nios2-elf/11.2.1/../../../../../H-x86_64-pc-linux-gnu/nios2-elf/lib/libc.a(lib_a-iswspace.o)
                0x000000000002716c                iswspace
 .text          0x0000000000027174        0x0 /home/danielcrovo/intelFPGA_lite/21.1/nios2eds/bin/gnu/H-x86_64-pc-linux-gnu/bin/../lib/gcc/nios2-elf/11.2.1/../../../../../H-x86_64-pc-linux-gnu/nios2-elf/lib/libc.a(lib_a-iswspace_l.o)
 .text.iswspace_l
                0x0000000000027174       0x24 /home/danielcrovo/intelFPGA_lite/21.1/nios2eds/bin/gnu/H-x86_64-pc-linux-gnu/bin/../lib/gcc/nios2-elf/11.2.1/../../../../../H-x86_64-pc-linux-gnu/nios2-elf/lib/libc.a(lib_a-iswspace_l.o)
                0x0000000000027174                iswspace_l
 .text          0x0000000000027198        0x0 /home/danielcrovo/intelFPGA_lite/21.1/nios2eds/bin/gnu/H-x86_64-pc-linux-gnu/bin/../lib/gcc/nios2-elf/11.2.1/../../../../../H-x86_64-pc-linux-gnu/nios2-elf/lib/libc.a(lib_a-locale.o)
 .text._setlocale_r
                0x0000000000027198       0x74 /home/danielcrovo/intelFPGA_lite/21.1/nios2eds/bin/gnu/H-x86_64-pc-linux-gnu/bin/../lib/gcc/nios2-elf/11.2.1/../../../../../H-x86_64-pc-linux-gnu/nios2-elf/lib/libc.a(lib_a-locale.o)
                0x0000000000027198                _setlocale_r
 .text.__locale_mb_cur_max
                0x000000000002720c        0xc /home/danielcrovo/intelFPGA_lite/21.1/nios2eds/bin/gnu/H-x86_64-pc-linux-gnu/bin/../lib/gcc/nios2-elf/11.2.1/../../../../../H-x86_64-pc-linux-gnu/nios2-elf/lib/libc.a(lib_a-locale.o)
                0x000000000002720c                __locale_mb_cur_max
 .text.setlocale
                0x0000000000027218       0x74 /home/danielcrovo/intelFPGA_lite/21.1/nios2eds/bin/gnu/H-x86_64-pc-linux-gnu/bin/../lib/gcc/nios2-elf/11.2.1/../../../../../H-x86_64-pc-linux-gnu/nios2-elf/lib/libc.a(lib_a-locale.o)
                0x0000000000027218                setlocale
 .text          0x000000000002728c        0x0 /home/danielcrovo/intelFPGA_lite/21.1/nios2eds/bin/gnu/H-x86_64-pc-linux-gnu/bin/../lib/gcc/nios2-elf/11.2.1/../../../../../H-x86_64-pc-linux-gnu/nios2-elf/lib/libc.a(lib_a-localeconv.o)
 .text.__localeconv_l
                0x000000000002728c        0x8 /home/danielcrovo/intelFPGA_lite/21.1/nios2eds/bin/gnu/H-x86_64-pc-linux-gnu/bin/../lib/gcc/nios2-elf/11.2.1/../../../../../H-x86_64-pc-linux-gnu/nios2-elf/lib/libc.a(lib_a-localeconv.o)
                0x000000000002728c                __localeconv_l
 .text._localeconv_r
                0x0000000000027294        0xc /home/danielcrovo/intelFPGA_lite/21.1/nios2eds/bin/gnu/H-x86_64-pc-linux-gnu/bin/../lib/gcc/nios2-elf/11.2.1/../../../../../H-x86_64-pc-linux-gnu/nios2-elf/lib/libc.a(lib_a-localeconv.o)
                0x0000000000027294                _localeconv_r
 .text.localeconv
                0x00000000000272a0        0xc /home/danielcrovo/intelFPGA_lite/21.1/nios2eds/bin/gnu/H-x86_64-pc-linux-gnu/bin/../lib/gcc/nios2-elf/11.2.1/../../../../../H-x86_64-pc-linux-gnu/nios2-elf/lib/libc.a(lib_a-localeconv.o)
                0x00000000000272a0                localeconv
 .text          0x00000000000272ac        0x0 /home/danielcrovo/intelFPGA_lite/21.1/nios2eds/bin/gnu/H-x86_64-pc-linux-gnu/bin/../lib/gcc/nios2-elf/11.2.1/../../../../../H-x86_64-pc-linux-gnu/nios2-elf/lib/libc.a(lib_a-makebuf.o)
 .text.__smakebuf_r
                0x00000000000272ac      0x1b0 /home/danielcrovo/intelFPGA_lite/21.1/nios2eds/bin/gnu/H-x86_64-pc-linux-gnu/bin/../lib/gcc/nios2-elf/11.2.1/../../../../../H-x86_64-pc-linux-gnu/nios2-elf/lib/libc.a(lib_a-makebuf.o)
                0x00000000000272ac                __smakebuf_r
 .text.__swhatbuf_r
                0x000000000002745c       0x90 /home/danielcrovo/intelFPGA_lite/21.1/nios2eds/bin/gnu/H-x86_64-pc-linux-gnu/bin/../lib/gcc/nios2-elf/11.2.1/../../../../../H-x86_64-pc-linux-gnu/nios2-elf/lib/libc.a(lib_a-makebuf.o)
                0x000000000002745c                __swhatbuf_r
 .text          0x00000000000274ec        0x0 /home/danielcrovo/intelFPGA_lite/21.1/nios2eds/bin/gnu/H-x86_64-pc-linux-gnu/bin/../lib/gcc/nios2-elf/11.2.1/../../../../../H-x86_64-pc-linux-gnu/nios2-elf/lib/libc.a(lib_a-mallocr.o)
 .text._malloc_r
                0x00000000000274ec      0x7e4 /home/danielcrovo/intelFPGA_lite/21.1/nios2eds/bin/gnu/H-x86_64-pc-linux-gnu/bin/../lib/gcc/nios2-elf/11.2.1/../../../../../H-x86_64-pc-linux-gnu/nios2-elf/lib/libc.a(lib_a-mallocr.o)
                0x00000000000274ec                _malloc_r
 .text          0x0000000000027cd0        0x0 /home/danielcrovo/intelFPGA_lite/21.1/nios2eds/bin/gnu/H-x86_64-pc-linux-gnu/bin/../lib/gcc/nios2-elf/11.2.1/../../../../../H-x86_64-pc-linux-gnu/nios2-elf/lib/libc.a(lib_a-mbrtowc.o)
 .text._mbrtowc_r
                0x0000000000027cd0       0x7c /home/danielcrovo/intelFPGA_lite/21.1/nios2eds/bin/gnu/H-x86_64-pc-linux-gnu/bin/../lib/gcc/nios2-elf/11.2.1/../../../../../H-x86_64-pc-linux-gnu/nios2-elf/lib/libc.a(lib_a-mbrtowc.o)
                0x0000000000027cd0                _mbrtowc_r
 .text.mbrtowc  0x0000000000027d4c       0x90 /home/danielcrovo/intelFPGA_lite/21.1/nios2eds/bin/gnu/H-x86_64-pc-linux-gnu/bin/../lib/gcc/nios2-elf/11.2.1/../../../../../H-x86_64-pc-linux-gnu/nios2-elf/lib/libc.a(lib_a-mbrtowc.o)
                0x0000000000027d4c                mbrtowc
 .text          0x0000000000027ddc        0x0 /home/danielcrovo/intelFPGA_lite/21.1/nios2eds/bin/gnu/H-x86_64-pc-linux-gnu/bin/../lib/gcc/nios2-elf/11.2.1/../../../../../H-x86_64-pc-linux-gnu/nios2-elf/lib/libc.a(lib_a-mbtowc_r.o)
 .text._mbtowc_r
                0x0000000000027ddc        0xc /home/danielcrovo/intelFPGA_lite/21.1/nios2eds/bin/gnu/H-x86_64-pc-linux-gnu/bin/../lib/gcc/nios2-elf/11.2.1/../../../../../H-x86_64-pc-linux-gnu/nios2-elf/lib/libc.a(lib_a-mbtowc_r.o)
                0x0000000000027ddc                _mbtowc_r
 .text.__ascii_mbtowc
                0x0000000000027de8       0x44 /home/danielcrovo/intelFPGA_lite/21.1/nios2eds/bin/gnu/H-x86_64-pc-linux-gnu/bin/../lib/gcc/nios2-elf/11.2.1/../../../../../H-x86_64-pc-linux-gnu/nios2-elf/lib/libc.a(lib_a-mbtowc_r.o)
                0x0000000000027de8                __ascii_mbtowc
 .text          0x0000000000027e2c        0x0 /home/danielcrovo/intelFPGA_lite/21.1/nios2eds/bin/gnu/H-x86_64-pc-linux-gnu/bin/../lib/gcc/nios2-elf/11.2.1/../../../../../H-x86_64-pc-linux-gnu/nios2-elf/lib/libc.a(lib_a-memchr.o)
 .text.memchr   0x0000000000027e2c       0xcc /home/danielcrovo/intelFPGA_lite/21.1/nios2eds/bin/gnu/H-x86_64-pc-linux-gnu/bin/../lib/gcc/nios2-elf/11.2.1/../../../../../H-x86_64-pc-linux-gnu/nios2-elf/lib/libc.a(lib_a-memchr.o)
                0x0000000000027e2c                memchr
 .text          0x0000000000027ef8        0x0 /home/danielcrovo/intelFPGA_lite/21.1/nios2eds/bin/gnu/H-x86_64-pc-linux-gnu/bin/../lib/gcc/nios2-elf/11.2.1/../../../../../H-x86_64-pc-linux-gnu/nios2-elf/lib/libc.a(lib_a-memcpy.o)
 .text.memcpy   0x0000000000027ef8      0x100 /home/danielcrovo/intelFPGA_lite/21.1/nios2eds/bin/gnu/H-x86_64-pc-linux-gnu/bin/../lib/gcc/nios2-elf/11.2.1/../../../../../H-x86_64-pc-linux-gnu/nios2-elf/lib/libc.a(lib_a-memcpy.o)
                0x0000000000027ef8                memcpy
 .text          0x0000000000027ff8        0x0 /home/danielcrovo/intelFPGA_lite/21.1/nios2eds/bin/gnu/H-x86_64-pc-linux-gnu/bin/../lib/gcc/nios2-elf/11.2.1/../../../../../H-x86_64-pc-linux-gnu/nios2-elf/lib/libc.a(lib_a-memmove.o)
 .text.memmove  0x0000000000027ff8      0x12c /home/danielcrovo/intelFPGA_lite/21.1/nios2eds/bin/gnu/H-x86_64-pc-linux-gnu/bin/../lib/gcc/nios2-elf/11.2.1/../../../../../H-x86_64-pc-linux-gnu/nios2-elf/lib/libc.a(lib_a-memmove.o)
                0x0000000000027ff8                memmove
 .text          0x0000000000028124        0x0 /home/danielcrovo/intelFPGA_lite/21.1/nios2eds/bin/gnu/H-x86_64-pc-linux-gnu/bin/../lib/gcc/nios2-elf/11.2.1/../../../../../H-x86_64-pc-linux-gnu/nios2-elf/lib/libc.a(lib_a-memset.o)
 .text.memset   0x0000000000028124       0xf4 /home/danielcrovo/intelFPGA_lite/21.1/nios2eds/bin/gnu/H-x86_64-pc-linux-gnu/bin/../lib/gcc/nios2-elf/11.2.1/../../../../../H-x86_64-pc-linux-gnu/nios2-elf/lib/libc.a(lib_a-memset.o)
                0x0000000000028124                memset
 .text          0x0000000000028218        0x0 /home/danielcrovo/intelFPGA_lite/21.1/nios2eds/bin/gnu/H-x86_64-pc-linux-gnu/bin/../lib/gcc/nios2-elf/11.2.1/../../../../../H-x86_64-pc-linux-gnu/nios2-elf/lib/libc.a(lib_a-mprec.o)
 .text._Balloc  0x0000000000028218       0xa4 /home/danielcrovo/intelFPGA_lite/21.1/nios2eds/bin/gnu/H-x86_64-pc-linux-gnu/bin/../lib/gcc/nios2-elf/11.2.1/../../../../../H-x86_64-pc-linux-gnu/nios2-elf/lib/libc.a(lib_a-mprec.o)
                0x0000000000028218                _Balloc
 .text._Bfree   0x00000000000282bc       0x24 /home/danielcrovo/intelFPGA_lite/21.1/nios2eds/bin/gnu/H-x86_64-pc-linux-gnu/bin/../lib/gcc/nios2-elf/11.2.1/../../../../../H-x86_64-pc-linux-gnu/nios2-elf/lib/libc.a(lib_a-mprec.o)
                0x00000000000282bc                _Bfree
 .text.__multadd
                0x00000000000282e0      0x138 /home/danielcrovo/intelFPGA_lite/21.1/nios2eds/bin/gnu/H-x86_64-pc-linux-gnu/bin/../lib/gcc/nios2-elf/11.2.1/../../../../../H-x86_64-pc-linux-gnu/nios2-elf/lib/libc.a(lib_a-mprec.o)
                0x00000000000282e0                __multadd
 .text.__s2b    0x0000000000028418      0x138 /home/danielcrovo/intelFPGA_lite/21.1/nios2eds/bin/gnu/H-x86_64-pc-linux-gnu/bin/../lib/gcc/nios2-elf/11.2.1/../../../../../H-x86_64-pc-linux-gnu/nios2-elf/lib/libc.a(lib_a-mprec.o)
                0x0000000000028418                __s2b
 .text.__hi0bits
                0x0000000000028550       0x64 /home/danielcrovo/intelFPGA_lite/21.1/nios2eds/bin/gnu/H-x86_64-pc-linux-gnu/bin/../lib/gcc/nios2-elf/11.2.1/../../../../../H-x86_64-pc-linux-gnu/nios2-elf/lib/libc.a(lib_a-mprec.o)
                0x0000000000028550                __hi0bits
 .text.__lo0bits
                0x00000000000285b4       0xb0 /home/danielcrovo/intelFPGA_lite/21.1/nios2eds/bin/gnu/H-x86_64-pc-linux-gnu/bin/../lib/gcc/nios2-elf/11.2.1/../../../../../H-x86_64-pc-linux-gnu/nios2-elf/lib/libc.a(lib_a-mprec.o)
                0x00000000000285b4                __lo0bits
 .text.__i2b    0x0000000000028664       0xb0 /home/danielcrovo/intelFPGA_lite/21.1/nios2eds/bin/gnu/H-x86_64-pc-linux-gnu/bin/../lib/gcc/nios2-elf/11.2.1/../../../../../H-x86_64-pc-linux-gnu/nios2-elf/lib/libc.a(lib_a-mprec.o)
                0x0000000000028664                __i2b
 .text.__multiply
                0x0000000000028714      0x254 /home/danielcrovo/intelFPGA_lite/21.1/nios2eds/bin/gnu/H-x86_64-pc-linux-gnu/bin/../lib/gcc/nios2-elf/11.2.1/../../../../../H-x86_64-pc-linux-gnu/nios2-elf/lib/libc.a(lib_a-mprec.o)
                0x0000000000028714                __multiply
 .text.__pow5mult
                0x0000000000028968      0x148 /home/danielcrovo/intelFPGA_lite/21.1/nios2eds/bin/gnu/H-x86_64-pc-linux-gnu/bin/../lib/gcc/nios2-elf/11.2.1/../../../../../H-x86_64-pc-linux-gnu/nios2-elf/lib/libc.a(lib_a-mprec.o)
                0x0000000000028968                __pow5mult
 .text.__lshift
                0x0000000000028ab0      0x188 /home/danielcrovo/intelFPGA_lite/21.1/nios2eds/bin/gnu/H-x86_64-pc-linux-gnu/bin/../lib/gcc/nios2-elf/11.2.1/../../../../../H-x86_64-pc-linux-gnu/nios2-elf/lib/libc.a(lib_a-mprec.o)
                0x0000000000028ab0                __lshift
 .text.__mcmp   0x0000000000028c38       0x58 /home/danielcrovo/intelFPGA_lite/21.1/nios2eds/bin/gnu/H-x86_64-pc-linux-gnu/bin/../lib/gcc/nios2-elf/11.2.1/../../../../../H-x86_64-pc-linux-gnu/nios2-elf/lib/libc.a(lib_a-mprec.o)
                0x0000000000028c38                __mcmp
 .text.__mdiff  0x0000000000028c90      0x22c /home/danielcrovo/intelFPGA_lite/21.1/nios2eds/bin/gnu/H-x86_64-pc-linux-gnu/bin/../lib/gcc/nios2-elf/11.2.1/../../../../../H-x86_64-pc-linux-gnu/nios2-elf/lib/libc.a(lib_a-mprec.o)
                0x0000000000028c90                __mdiff
 .text.__ulp    0x0000000000028ebc       0x60 /home/danielcrovo/intelFPGA_lite/21.1/nios2eds/bin/gnu/H-x86_64-pc-linux-gnu/bin/../lib/gcc/nios2-elf/11.2.1/../../../../../H-x86_64-pc-linux-gnu/nios2-elf/lib/libc.a(lib_a-mprec.o)
                0x0000000000028ebc                __ulp
 .text.__b2d    0x0000000000028f1c       0xf8 /home/danielcrovo/intelFPGA_lite/21.1/nios2eds/bin/gnu/H-x86_64-pc-linux-gnu/bin/../lib/gcc/nios2-elf/11.2.1/../../../../../H-x86_64-pc-linux-gnu/nios2-elf/lib/libc.a(lib_a-mprec.o)
                0x0000000000028f1c                __b2d
 .text.__d2b    0x0000000000029014      0x158 /home/danielcrovo/intelFPGA_lite/21.1/nios2eds/bin/gnu/H-x86_64-pc-linux-gnu/bin/../lib/gcc/nios2-elf/11.2.1/../../../../../H-x86_64-pc-linux-gnu/nios2-elf/lib/libc.a(lib_a-mprec.o)
                0x0000000000029014                __d2b
 .text.__ratio  0x000000000002916c       0xa8 /home/danielcrovo/intelFPGA_lite/21.1/nios2eds/bin/gnu/H-x86_64-pc-linux-gnu/bin/../lib/gcc/nios2-elf/11.2.1/../../../../../H-x86_64-pc-linux-gnu/nios2-elf/lib/libc.a(lib_a-mprec.o)
                0x000000000002916c                __ratio
 .text._mprec_log10
                0x0000000000029214       0x70 /home/danielcrovo/intelFPGA_lite/21.1/nios2eds/bin/gnu/H-x86_64-pc-linux-gnu/bin/../lib/gcc/nios2-elf/11.2.1/../../../../../H-x86_64-pc-linux-gnu/nios2-elf/lib/libc.a(lib_a-mprec.o)
                0x0000000000029214                _mprec_log10
 .text.__copybits
                0x0000000000029284       0x7c /home/danielcrovo/intelFPGA_lite/21.1/nios2eds/bin/gnu/H-x86_64-pc-linux-gnu/bin/../lib/gcc/nios2-elf/11.2.1/../../../../../H-x86_64-pc-linux-gnu/nios2-elf/lib/libc.a(lib_a-mprec.o)
                0x0000000000029284                __copybits
 .text.__any_on
                0x0000000000029300       0x60 /home/danielcrovo/intelFPGA_lite/21.1/nios2eds/bin/gnu/H-x86_64-pc-linux-gnu/bin/../lib/gcc/nios2-elf/11.2.1/../../../../../H-x86_64-pc-linux-gnu/nios2-elf/lib/libc.a(lib_a-mprec.o)
                0x0000000000029300                __any_on
 .text          0x0000000000029360        0x0 /home/danielcrovo/intelFPGA_lite/21.1/nios2eds/bin/gnu/H-x86_64-pc-linux-gnu/bin/../lib/gcc/nios2-elf/11.2.1/../../../../../H-x86_64-pc-linux-gnu/nios2-elf/lib/libc.a(lib_a-reallocr.o)
 .text._realloc_r
                0x0000000000029360      0x570 /home/danielcrovo/intelFPGA_lite/21.1/nios2eds/bin/gnu/H-x86_64-pc-linux-gnu/bin/../lib/gcc/nios2-elf/11.2.1/../../../../../H-x86_64-pc-linux-gnu/nios2-elf/lib/libc.a(lib_a-reallocr.o)
                0x0000000000029360                _realloc_r
 .text          0x00000000000298d0        0x0 /home/danielcrovo/intelFPGA_lite/21.1/nios2eds/bin/gnu/H-x86_64-pc-linux-gnu/bin/../lib/gcc/nios2-elf/11.2.1/../../../../../H-x86_64-pc-linux-gnu/nios2-elf/lib/libc.a(lib_a-refill.o)
 .text.lflush   0x00000000000298d0       0x1c /home/danielcrovo/intelFPGA_lite/21.1/nios2eds/bin/gnu/H-x86_64-pc-linux-gnu/bin/../lib/gcc/nios2-elf/11.2.1/../../../../../H-x86_64-pc-linux-gnu/nios2-elf/lib/libc.a(lib_a-refill.o)
 .text.__srefill_r
                0x00000000000298ec      0x1cc /home/danielcrovo/intelFPGA_lite/21.1/nios2eds/bin/gnu/H-x86_64-pc-linux-gnu/bin/../lib/gcc/nios2-elf/11.2.1/../../../../../H-x86_64-pc-linux-gnu/nios2-elf/lib/libc.a(lib_a-refill.o)
                0x00000000000298ec                __srefill_r
 .text          0x0000000000029ab8        0x0 /home/danielcrovo/intelFPGA_lite/21.1/nios2eds/bin/gnu/H-x86_64-pc-linux-gnu/bin/../lib/gcc/nios2-elf/11.2.1/../../../../../H-x86_64-pc-linux-gnu/nios2-elf/lib/libc.a(lib_a-sbrkr.o)
 .text._sbrk_r  0x0000000000029ab8       0x58 /home/danielcrovo/intelFPGA_lite/21.1/nios2eds/bin/gnu/H-x86_64-pc-linux-gnu/bin/../lib/gcc/nios2-elf/11.2.1/../../../../../H-x86_64-pc-linux-gnu/nios2-elf/lib/libc.a(lib_a-sbrkr.o)
                0x0000000000029ab8                _sbrk_r
 .text          0x0000000000029b10        0x0 /home/danielcrovo/intelFPGA_lite/21.1/nios2eds/bin/gnu/H-x86_64-pc-linux-gnu/bin/../lib/gcc/nios2-elf/11.2.1/../../../../../H-x86_64-pc-linux-gnu/nios2-elf/lib/libc.a(lib_a-sccl.o)
 .text.__sccl   0x0000000000029b10      0x148 /home/danielcrovo/intelFPGA_lite/21.1/nios2eds/bin/gnu/H-x86_64-pc-linux-gnu/bin/../lib/gcc/nios2-elf/11.2.1/../../../../../H-x86_64-pc-linux-gnu/nios2-elf/lib/libc.a(lib_a-sccl.o)
                0x0000000000029b10                __sccl
 .text          0x0000000000029c58        0x0 /home/danielcrovo/intelFPGA_lite/21.1/nios2eds/bin/gnu/H-x86_64-pc-linux-gnu/bin/../lib/gcc/nios2-elf/11.2.1/../../../../../H-x86_64-pc-linux-gnu/nios2-elf/lib/libc.a(lib_a-sprintf.o)
 .text._sprintf_r
                0x0000000000029c58       0x54 /home/danielcrovo/intelFPGA_lite/21.1/nios2eds/bin/gnu/H-x86_64-pc-linux-gnu/bin/../lib/gcc/nios2-elf/11.2.1/../../../../../H-x86_64-pc-linux-gnu/nios2-elf/lib/libc.a(lib_a-sprintf.o)
                0x0000000000029c58                _sprintf_r
 .text.sprintf  0x0000000000029cac       0x64 /home/danielcrovo/intelFPGA_lite/21.1/nios2eds/bin/gnu/H-x86_64-pc-linux-gnu/bin/../lib/gcc/nios2-elf/11.2.1/../../../../../H-x86_64-pc-linux-gnu/nios2-elf/lib/libc.a(lib_a-sprintf.o)
                0x0000000000029cac                sprintf
 .text          0x0000000000029d10        0x0 /home/danielcrovo/intelFPGA_lite/21.1/nios2eds/bin/gnu/H-x86_64-pc-linux-gnu/bin/../lib/gcc/nios2-elf/11.2.1/../../../../../H-x86_64-pc-linux-gnu/nios2-elf/lib/libc.a(lib_a-stdio.o)
 .text.__sread  0x0000000000029d10       0x54 /home/danielcrovo/intelFPGA_lite/21.1/nios2eds/bin/gnu/H-x86_64-pc-linux-gnu/bin/../lib/gcc/nios2-elf/11.2.1/../../../../../H-x86_64-pc-linux-gnu/nios2-elf/lib/libc.a(lib_a-stdio.o)
                0x0000000000029d10                __sread
 .text.__seofread
                0x0000000000029d64        0x8 /home/danielcrovo/intelFPGA_lite/21.1/nios2eds/bin/gnu/H-x86_64-pc-linux-gnu/bin/../lib/gcc/nios2-elf/11.2.1/../../../../../H-x86_64-pc-linux-gnu/nios2-elf/lib/libc.a(lib_a-stdio.o)
                0x0000000000029d64                __seofread
 .text.__swrite
                0x0000000000029d6c       0x80 /home/danielcrovo/intelFPGA_lite/21.1/nios2eds/bin/gnu/H-x86_64-pc-linux-gnu/bin/../lib/gcc/nios2-elf/11.2.1/../../../../../H-x86_64-pc-linux-gnu/nios2-elf/lib/libc.a(lib_a-stdio.o)
                0x0000000000029d6c                __swrite
 .text.__sseek  0x0000000000029dec       0x5c /home/danielcrovo/intelFPGA_lite/21.1/nios2eds/bin/gnu/H-x86_64-pc-linux-gnu/bin/../lib/gcc/nios2-elf/11.2.1/../../../../../H-x86_64-pc-linux-gnu/nios2-elf/lib/libc.a(lib_a-stdio.o)
                0x0000000000029dec                __sseek
 .text.__sclose
                0x0000000000029e48        0x8 /home/danielcrovo/intelFPGA_lite/21.1/nios2eds/bin/gnu/H-x86_64-pc-linux-gnu/bin/../lib/gcc/nios2-elf/11.2.1/../../../../../H-x86_64-pc-linux-gnu/nios2-elf/lib/libc.a(lib_a-stdio.o)
                0x0000000000029e48                __sclose
 .text          0x0000000000029e50        0x0 /home/danielcrovo/intelFPGA_lite/21.1/nios2eds/bin/gnu/H-x86_64-pc-linux-gnu/bin/../lib/gcc/nios2-elf/11.2.1/../../../../../H-x86_64-pc-linux-gnu/nios2-elf/lib/libc.a(lib_a-strcmp.o)
 .text.strcmp   0x0000000000029e50       0xb8 /home/danielcrovo/intelFPGA_lite/21.1/nios2eds/bin/gnu/H-x86_64-pc-linux-gnu/bin/../lib/gcc/nios2-elf/11.2.1/../../../../../H-x86_64-pc-linux-gnu/nios2-elf/lib/libc.a(lib_a-strcmp.o)
                0x0000000000029e50                strcmp
 .text          0x0000000000029f08        0x0 /home/danielcrovo/intelFPGA_lite/21.1/nios2eds/bin/gnu/H-x86_64-pc-linux-gnu/bin/../lib/gcc/nios2-elf/11.2.1/../../../../../H-x86_64-pc-linux-gnu/nios2-elf/lib/libc.a(lib_a-strtod.o)
 .text._strtod_l
                0x0000000000029f08     0x15ec /home/danielcrovo/intelFPGA_lite/21.1/nios2eds/bin/gnu/H-x86_64-pc-linux-gnu/bin/../lib/gcc/nios2-elf/11.2.1/../../../../../H-x86_64-pc-linux-gnu/nios2-elf/lib/libc.a(lib_a-strtod.o)
                0x0000000000029f08                _strtod_l
 .text._strtod_r
                0x000000000002b4f4        0xc /home/danielcrovo/intelFPGA_lite/21.1/nios2eds/bin/gnu/H-x86_64-pc-linux-gnu/bin/../lib/gcc/nios2-elf/11.2.1/../../../../../H-x86_64-pc-linux-gnu/nios2-elf/lib/libc.a(lib_a-strtod.o)
                0x000000000002b4f4                _strtod_r
 .text.strtod_l
                0x000000000002b500       0x1c /home/danielcrovo/intelFPGA_lite/21.1/nios2eds/bin/gnu/H-x86_64-pc-linux-gnu/bin/../lib/gcc/nios2-elf/11.2.1/../../../../../H-x86_64-pc-linux-gnu/nios2-elf/lib/libc.a(lib_a-strtod.o)
                0x000000000002b500                strtod_l
 .text.strtod   0x000000000002b51c       0x20 /home/danielcrovo/intelFPGA_lite/21.1/nios2eds/bin/gnu/H-x86_64-pc-linux-gnu/bin/../lib/gcc/nios2-elf/11.2.1/../../../../../H-x86_64-pc-linux-gnu/nios2-elf/lib/libc.a(lib_a-strtod.o)
                0x000000000002b51c                strtod
 .text.strtof_l
                0x000000000002b53c      0x120 /home/danielcrovo/intelFPGA_lite/21.1/nios2eds/bin/gnu/H-x86_64-pc-linux-gnu/bin/../lib/gcc/nios2-elf/11.2.1/../../../../../H-x86_64-pc-linux-gnu/nios2-elf/lib/libc.a(lib_a-strtod.o)
                0x000000000002b53c                strtof_l
 .text.strtof   0x000000000002b65c      0x124 /home/danielcrovo/intelFPGA_lite/21.1/nios2eds/bin/gnu/H-x86_64-pc-linux-gnu/bin/../lib/gcc/nios2-elf/11.2.1/../../../../../H-x86_64-pc-linux-gnu/nios2-elf/lib/libc.a(lib_a-strtod.o)
                0x000000000002b65c                strtof
 .text          0x000000000002b780        0x0 /home/danielcrovo/intelFPGA_lite/21.1/nios2eds/bin/gnu/H-x86_64-pc-linux-gnu/bin/../lib/gcc/nios2-elf/11.2.1/../../../../../H-x86_64-pc-linux-gnu/nios2-elf/lib/libc.a(lib_a-strtol.o)
 .text._strtol_l.constprop.0
                0x000000000002b780      0x248 /home/danielcrovo/intelFPGA_lite/21.1/nios2eds/bin/gnu/H-x86_64-pc-linux-gnu/bin/../lib/gcc/nios2-elf/11.2.1/../../../../../H-x86_64-pc-linux-gnu/nios2-elf/lib/libc.a(lib_a-strtol.o)
 .text._strtol_r
                0x000000000002b9c8        0x4 /home/danielcrovo/intelFPGA_lite/21.1/nios2eds/bin/gnu/H-x86_64-pc-linux-gnu/bin/../lib/gcc/nios2-elf/11.2.1/../../../../../H-x86_64-pc-linux-gnu/nios2-elf/lib/libc.a(lib_a-strtol.o)
                0x000000000002b9c8                _strtol_r
 .text.strtol_l
                0x000000000002b9cc       0x1c /home/danielcrovo/intelFPGA_lite/21.1/nios2eds/bin/gnu/H-x86_64-pc-linux-gnu/bin/../lib/gcc/nios2-elf/11.2.1/../../../../../H-x86_64-pc-linux-gnu/nios2-elf/lib/libc.a(lib_a-strtol.o)
                0x000000000002b9cc                strtol_l
 .text.strtol   0x000000000002b9e8       0x1c /home/danielcrovo/intelFPGA_lite/21.1/nios2eds/bin/gnu/H-x86_64-pc-linux-gnu/bin/../lib/gcc/nios2-elf/11.2.1/../../../../../H-x86_64-pc-linux-gnu/nios2-elf/lib/libc.a(lib_a-strtol.o)
                0x000000000002b9e8                strtol
 .text          0x000000000002ba04        0x0 /home/danielcrovo/intelFPGA_lite/21.1/nios2eds/bin/gnu/H-x86_64-pc-linux-gnu/bin/../lib/gcc/nios2-elf/11.2.1/../../../../../H-x86_64-pc-linux-gnu/nios2-elf/lib/libc.a(lib_a-strtoll.o)
 .text._strtoll_l.constprop.0
                0x000000000002ba04      0x2c8 /home/danielcrovo/intelFPGA_lite/21.1/nios2eds/bin/gnu/H-x86_64-pc-linux-gnu/bin/../lib/gcc/nios2-elf/11.2.1/../../../../../H-x86_64-pc-linux-gnu/nios2-elf/lib/libc.a(lib_a-strtoll.o)
 .text._strtoll_r
                0x000000000002bccc        0x4 /home/danielcrovo/intelFPGA_lite/21.1/nios2eds/bin/gnu/H-x86_64-pc-linux-gnu/bin/../lib/gcc/nios2-elf/11.2.1/../../../../../H-x86_64-pc-linux-gnu/nios2-elf/lib/libc.a(lib_a-strtoll.o)
                0x000000000002bccc                _strtoll_r
 .text.strtoll_l
                0x000000000002bcd0       0x1c /home/danielcrovo/intelFPGA_lite/21.1/nios2eds/bin/gnu/H-x86_64-pc-linux-gnu/bin/../lib/gcc/nios2-elf/11.2.1/../../../../../H-x86_64-pc-linux-gnu/nios2-elf/lib/libc.a(lib_a-strtoll.o)
                0x000000000002bcd0                strtoll_l
 .text.strtoll  0x000000000002bcec       0x1c /home/danielcrovo/intelFPGA_lite/21.1/nios2eds/bin/gnu/H-x86_64-pc-linux-gnu/bin/../lib/gcc/nios2-elf/11.2.1/../../../../../H-x86_64-pc-linux-gnu/nios2-elf/lib/libc.a(lib_a-strtoll.o)
                0x000000000002bcec                strtoll
 .text          0x000000000002bd08        0x0 /home/danielcrovo/intelFPGA_lite/21.1/nios2eds/bin/gnu/H-x86_64-pc-linux-gnu/bin/../lib/gcc/nios2-elf/11.2.1/../../../../../H-x86_64-pc-linux-gnu/nios2-elf/lib/libc.a(lib_a-strtoul.o)
 .text._strtoul_l.constprop.0
                0x000000000002bd08      0x24c /home/danielcrovo/intelFPGA_lite/21.1/nios2eds/bin/gnu/H-x86_64-pc-linux-gnu/bin/../lib/gcc/nios2-elf/11.2.1/../../../../../H-x86_64-pc-linux-gnu/nios2-elf/lib/libc.a(lib_a-strtoul.o)
 .text._strtoul_r
                0x000000000002bf54        0x4 /home/danielcrovo/intelFPGA_lite/21.1/nios2eds/bin/gnu/H-x86_64-pc-linux-gnu/bin/../lib/gcc/nios2-elf/11.2.1/../../../../../H-x86_64-pc-linux-gnu/nios2-elf/lib/libc.a(lib_a-strtoul.o)
                0x000000000002bf54                _strtoul_r
 .text.strtoul_l
                0x000000000002bf58       0x1c /home/danielcrovo/intelFPGA_lite/21.1/nios2eds/bin/gnu/H-x86_64-pc-linux-gnu/bin/../lib/gcc/nios2-elf/11.2.1/../../../../../H-x86_64-pc-linux-gnu/nios2-elf/lib/libc.a(lib_a-strtoul.o)
                0x000000000002bf58                strtoul_l
 .text.strtoul  0x000000000002bf74       0x1c /home/danielcrovo/intelFPGA_lite/21.1/nios2eds/bin/gnu/H-x86_64-pc-linux-gnu/bin/../lib/gcc/nios2-elf/11.2.1/../../../../../H-x86_64-pc-linux-gnu/nios2-elf/lib/libc.a(lib_a-strtoul.o)
                0x000000000002bf74                strtoul
 .text          0x000000000002bf90        0x0 /home/danielcrovo/intelFPGA_lite/21.1/nios2eds/bin/gnu/H-x86_64-pc-linux-gnu/bin/../lib/gcc/nios2-elf/11.2.1/../../../../../H-x86_64-pc-linux-gnu/nios2-elf/lib/libc.a(lib_a-strtoull.o)
 .text._strtoull_l.constprop.0
                0x000000000002bf90      0x31c /home/danielcrovo/intelFPGA_lite/21.1/nios2eds/bin/gnu/H-x86_64-pc-linux-gnu/bin/../lib/gcc/nios2-elf/11.2.1/../../../../../H-x86_64-pc-linux-gnu/nios2-elf/lib/libc.a(lib_a-strtoull.o)
 .text._strtoull_r
                0x000000000002c2ac        0x4 /home/danielcrovo/intelFPGA_lite/21.1/nios2eds/bin/gnu/H-x86_64-pc-linux-gnu/bin/../lib/gcc/nios2-elf/11.2.1/../../../../../H-x86_64-pc-linux-gnu/nios2-elf/lib/libc.a(lib_a-strtoull.o)
                0x000000000002c2ac                _strtoull_r
 .text.strtoull_l
                0x000000000002c2b0       0x1c /home/danielcrovo/intelFPGA_lite/21.1/nios2eds/bin/gnu/H-x86_64-pc-linux-gnu/bin/../lib/gcc/nios2-elf/11.2.1/../../../../../H-x86_64-pc-linux-gnu/nios2-elf/lib/libc.a(lib_a-strtoull.o)
                0x000000000002c2b0                strtoull_l
 .text.strtoull
                0x000000000002c2cc       0x1c /home/danielcrovo/intelFPGA_lite/21.1/nios2eds/bin/gnu/H-x86_64-pc-linux-gnu/bin/../lib/gcc/nios2-elf/11.2.1/../../../../../H-x86_64-pc-linux-gnu/nios2-elf/lib/libc.a(lib_a-strtoull.o)
                0x000000000002c2cc                strtoull
 .text          0x000000000002c2e8        0x0 /home/danielcrovo/intelFPGA_lite/21.1/nios2eds/bin/gnu/H-x86_64-pc-linux-gnu/bin/../lib/gcc/nios2-elf/11.2.1/../../../../../H-x86_64-pc-linux-gnu/nios2-elf/lib/libc.a(lib_a-svfprintf.o)
 .text.___svfprintf_internal_r
                0x000000000002c2e8     0x1f98 /home/danielcrovo/intelFPGA_lite/21.1/nios2eds/bin/gnu/H-x86_64-pc-linux-gnu/bin/../lib/gcc/nios2-elf/11.2.1/../../../../../H-x86_64-pc-linux-gnu/nios2-elf/lib/libc.a(lib_a-svfprintf.o)
                0x000000000002c2e8                ___svfprintf_internal_r
 .text          0x000000000002e280        0x0 /home/danielcrovo/intelFPGA_lite/21.1/nios2eds/bin/gnu/H-x86_64-pc-linux-gnu/bin/../lib/gcc/nios2-elf/11.2.1/../../../../../H-x86_64-pc-linux-gnu/nios2-elf/lib/libc.a(lib_a-ungetc.o)
 .text.__submore
                0x000000000002e280       0xc8 /home/danielcrovo/intelFPGA_lite/21.1/nios2eds/bin/gnu/H-x86_64-pc-linux-gnu/bin/../lib/gcc/nios2-elf/11.2.1/../../../../../H-x86_64-pc-linux-gnu/nios2-elf/lib/libc.a(lib_a-ungetc.o)
                0x000000000002e280                __submore
 .text._ungetc_r
                0x000000000002e348      0x184 /home/danielcrovo/intelFPGA_lite/21.1/nios2eds/bin/gnu/H-x86_64-pc-linux-gnu/bin/../lib/gcc/nios2-elf/11.2.1/../../../../../H-x86_64-pc-linux-gnu/nios2-elf/lib/libc.a(lib_a-ungetc.o)
                0x000000000002e348                _ungetc_r
 .text.ungetc   0x000000000002e4cc       0x18 /home/danielcrovo/intelFPGA_lite/21.1/nios2eds/bin/gnu/H-x86_64-pc-linux-gnu/bin/../lib/gcc/nios2-elf/11.2.1/../../../../../H-x86_64-pc-linux-gnu/nios2-elf/lib/libc.a(lib_a-ungetc.o)
                0x000000000002e4cc                ungetc
 .text          0x000000000002e4e4        0x0 /home/danielcrovo/intelFPGA_lite/21.1/nios2eds/bin/gnu/H-x86_64-pc-linux-gnu/bin/../lib/gcc/nios2-elf/11.2.1/../../../../../H-x86_64-pc-linux-gnu/nios2-elf/lib/libc.a(lib_a-vfiprintf.o)
 .text.__sprint_r.part.0
                0x000000000002e4e4       0xf4 /home/danielcrovo/intelFPGA_lite/21.1/nios2eds/bin/gnu/H-x86_64-pc-linux-gnu/bin/../lib/gcc/nios2-elf/11.2.1/../../../../../H-x86_64-pc-linux-gnu/nios2-elf/lib/libc.a(lib_a-vfiprintf.o)
 .text.__sprint_r
                0x000000000002e5d8       0x18 /home/danielcrovo/intelFPGA_lite/21.1/nios2eds/bin/gnu/H-x86_64-pc-linux-gnu/bin/../lib/gcc/nios2-elf/11.2.1/../../../../../H-x86_64-pc-linux-gnu/nios2-elf/lib/libc.a(lib_a-vfiprintf.o)
                0x000000000002e5d8                __sprint_r
 .text.___vfiprintf_internal_r
                0x000000000002e5f0     0x124c /home/danielcrovo/intelFPGA_lite/21.1/nios2eds/bin/gnu/H-x86_64-pc-linux-gnu/bin/../lib/gcc/nios2-elf/11.2.1/../../../../../H-x86_64-pc-linux-gnu/nios2-elf/lib/libc.a(lib_a-vfiprintf.o)
                0x000000000002e5f0                ___vfiprintf_internal_r
 .text.__vfiprintf_internal
                0x000000000002f83c       0x1c /home/danielcrovo/intelFPGA_lite/21.1/nios2eds/bin/gnu/H-x86_64-pc-linux-gnu/bin/../lib/gcc/nios2-elf/11.2.1/../../../../../H-x86_64-pc-linux-gnu/nios2-elf/lib/libc.a(lib_a-vfiprintf.o)
                0x000000000002f83c                __vfiprintf_internal
 .text.__sbprintf
                0x000000000002f858       0xc0 /home/danielcrovo/intelFPGA_lite/21.1/nios2eds/bin/gnu/H-x86_64-pc-linux-gnu/bin/../lib/gcc/nios2-elf/11.2.1/../../../../../H-x86_64-pc-linux-gnu/nios2-elf/lib/libc.a(lib_a-vfiprintf.o)
 .text          0x000000000002f918        0x0 /home/danielcrovo/intelFPGA_lite/21.1/nios2eds/bin/gnu/H-x86_64-pc-linux-gnu/bin/../lib/gcc/nios2-elf/11.2.1/../../../../../H-x86_64-pc-linux-gnu/nios2-elf/lib/libc.a(lib_a-wctomb_r.o)
 .text._wctomb_r
                0x000000000002f918        0xc /home/danielcrovo/intelFPGA_lite/21.1/nios2eds/bin/gnu/H-x86_64-pc-linux-gnu/bin/../lib/gcc/nios2-elf/11.2.1/../../../../../H-x86_64-pc-linux-gnu/nios2-elf/lib/libc.a(lib_a-wctomb_r.o)
                0x000000000002f918                _wctomb_r
 .text.__ascii_wctomb
                0x000000000002f924       0x30 /home/danielcrovo/intelFPGA_lite/21.1/nios2eds/bin/gnu/H-x86_64-pc-linux-gnu/bin/../lib/gcc/nios2-elf/11.2.1/../../../../../H-x86_64-pc-linux-gnu/nios2-elf/lib/libc.a(lib_a-wctomb_r.o)
                0x000000000002f924                __ascii_wctomb
 .text          0x000000000002f954        0x0 /home/danielcrovo/intelFPGA_lite/21.1/nios2eds/bin/gnu/H-x86_64-pc-linux-gnu/bin/../lib/gcc/nios2-elf/11.2.1/../../../../../H-x86_64-pc-linux-gnu/nios2-elf/lib/libc.a(lib_a-writer.o)
 .text._write_r
                0x000000000002f954       0x64 /home/danielcrovo/intelFPGA_lite/21.1/nios2eds/bin/gnu/H-x86_64-pc-linux-gnu/bin/../lib/gcc/nios2-elf/11.2.1/../../../../../H-x86_64-pc-linux-gnu/nios2-elf/lib/libc.a(lib_a-writer.o)
                0x000000000002f954                _write_r
 .text          0x000000000002f9b8        0x0 /home/danielcrovo/intelFPGA_lite/21.1/nios2eds/bin/gnu/H-x86_64-pc-linux-gnu/bin/../lib/gcc/nios2-elf/11.2.1/../../../../../H-x86_64-pc-linux-gnu/nios2-elf/lib/libc.a(closer.o)
 .text._close_r
                0x000000000002f9b8       0x58 /home/danielcrovo/intelFPGA_lite/21.1/nios2eds/bin/gnu/H-x86_64-pc-linux-gnu/bin/../lib/gcc/nios2-elf/11.2.1/../../../../../H-x86_64-pc-linux-gnu/nios2-elf/lib/libc.a(closer.o)
                0x000000000002f9b8                _close_r
 .text          0x000000000002fa10        0x0 /home/danielcrovo/intelFPGA_lite/21.1/nios2eds/bin/gnu/H-x86_64-pc-linux-gnu/bin/../lib/gcc/nios2-elf/11.2.1/../../../../../H-x86_64-pc-linux-gnu/nios2-elf/lib/libc.a(lib_a-assert.o)
 .text.__assert_func
                0x000000000002fa10       0x64 /home/danielcrovo/intelFPGA_lite/21.1/nios2eds/bin/gnu/H-x86_64-pc-linux-gnu/bin/../lib/gcc/nios2-elf/11.2.1/../../../../../H-x86_64-pc-linux-gnu/nios2-elf/lib/libc.a(lib_a-assert.o)
                0x000000000002fa10                __assert_func
 .text.__assert
                0x000000000002fa74       0x14 /home/danielcrovo/intelFPGA_lite/21.1/nios2eds/bin/gnu/H-x86_64-pc-linux-gnu/bin/../lib/gcc/nios2-elf/11.2.1/../../../../../H-x86_64-pc-linux-gnu/nios2-elf/lib/libc.a(lib_a-assert.o)
                0x000000000002fa74                __assert
 .text          0x000000000002fa88        0x0 /home/danielcrovo/intelFPGA_lite/21.1/nios2eds/bin/gnu/H-x86_64-pc-linux-gnu/bin/../lib/gcc/nios2-elf/11.2.1/../../../../../H-x86_64-pc-linux-gnu/nios2-elf/lib/libc.a(lib_a-callocr.o)
 .text._calloc_r
                0x000000000002fa88      0x12c /home/danielcrovo/intelFPGA_lite/21.1/nios2eds/bin/gnu/H-x86_64-pc-linux-gnu/bin/../lib/gcc/nios2-elf/11.2.1/../../../../../H-x86_64-pc-linux-gnu/nios2-elf/lib/libc.a(lib_a-callocr.o)
                0x000000000002fa88                _calloc_r
 .text          0x000000000002fbb4        0x0 /home/danielcrovo/intelFPGA_lite/21.1/nios2eds/bin/gnu/H-x86_64-pc-linux-gnu/bin/../lib/gcc/nios2-elf/11.2.1/../../../../../H-x86_64-pc-linux-gnu/nios2-elf/lib/libc.a(lib_a-errno.o)
 .text.__errno  0x000000000002fbb4        0xc /home/danielcrovo/intelFPGA_lite/21.1/nios2eds/bin/gnu/H-x86_64-pc-linux-gnu/bin/../lib/gcc/nios2-elf/11.2.1/../../../../../H-x86_64-pc-linux-gnu/nios2-elf/lib/libc.a(lib_a-errno.o)
                0x000000000002fbb4                __errno
 .text          0x000000000002fbc0        0x0 /home/danielcrovo/intelFPGA_lite/21.1/nios2eds/bin/gnu/H-x86_64-pc-linux-gnu/bin/../lib/gcc/nios2-elf/11.2.1/../../../../../H-x86_64-pc-linux-gnu/nios2-elf/lib/libc.a(lib_a-fclose.o)
 .text._fclose_r
                0x000000000002fbc0       0xf8 /home/danielcrovo/intelFPGA_lite/21.1/nios2eds/bin/gnu/H-x86_64-pc-linux-gnu/bin/../lib/gcc/nios2-elf/11.2.1/../../../../../H-x86_64-pc-linux-gnu/nios2-elf/lib/libc.a(lib_a-fclose.o)
                0x000000000002fbc0                _fclose_r
 .text.fclose   0x000000000002fcb8       0x10 /home/danielcrovo/intelFPGA_lite/21.1/nios2eds/bin/gnu/H-x86_64-pc-linux-gnu/bin/../lib/gcc/nios2-elf/11.2.1/../../../../../H-x86_64-pc-linux-gnu/nios2-elf/lib/libc.a(lib_a-fclose.o)
                0x000000000002fcb8                fclose
 .text          0x000000000002fcc8        0x0 /home/danielcrovo/intelFPGA_lite/21.1/nios2eds/bin/gnu/H-x86_64-pc-linux-gnu/bin/../lib/gcc/nios2-elf/11.2.1/../../../../../H-x86_64-pc-linux-gnu/nios2-elf/lib/libc.a(lib_a-fiprintf.o)
 .text._fiprintf_r
                0x000000000002fcc8       0x20 /home/danielcrovo/intelFPGA_lite/21.1/nios2eds/bin/gnu/H-x86_64-pc-linux-gnu/bin/../lib/gcc/nios2-elf/11.2.1/../../../../../H-x86_64-pc-linux-gnu/nios2-elf/lib/libc.a(lib_a-fiprintf.o)
                0x000000000002fcc8                _fiprintf_r
 .text.fiprintf
                0x000000000002fce8       0x38 /home/danielcrovo/intelFPGA_lite/21.1/nios2eds/bin/gnu/H-x86_64-pc-linux-gnu/bin/../lib/gcc/nios2-elf/11.2.1/../../../../../H-x86_64-pc-linux-gnu/nios2-elf/lib/libc.a(lib_a-fiprintf.o)
                0x000000000002fce8                fiprintf
 .text          0x000000000002fd20        0x0 /home/danielcrovo/intelFPGA_lite/21.1/nios2eds/bin/gnu/H-x86_64-pc-linux-gnu/bin/../lib/gcc/nios2-elf/11.2.1/../../../../../H-x86_64-pc-linux-gnu/nios2-elf/lib/libc.a(lib_a-fputwc.o)
 .text.__fputwc
                0x000000000002fd20      0x164 /home/danielcrovo/intelFPGA_lite/21.1/nios2eds/bin/gnu/H-x86_64-pc-linux-gnu/bin/../lib/gcc/nios2-elf/11.2.1/../../../../../H-x86_64-pc-linux-gnu/nios2-elf/lib/libc.a(lib_a-fputwc.o)
                0x000000000002fd20                __fputwc
 .text._fputwc_r
                0x000000000002fe84       0x24 /home/danielcrovo/intelFPGA_lite/21.1/nios2eds/bin/gnu/H-x86_64-pc-linux-gnu/bin/../lib/gcc/nios2-elf/11.2.1/../../../../../H-x86_64-pc-linux-gnu/nios2-elf/lib/libc.a(lib_a-fputwc.o)
                0x000000000002fe84                _fputwc_r
 .text.fputwc   0x000000000002fea8       0x78 /home/danielcrovo/intelFPGA_lite/21.1/nios2eds/bin/gnu/H-x86_64-pc-linux-gnu/bin/../lib/gcc/nios2-elf/11.2.1/../../../../../H-x86_64-pc-linux-gnu/nios2-elf/lib/libc.a(lib_a-fputwc.o)
                0x000000000002fea8                fputwc
 .text          0x000000000002ff20        0x0 /home/danielcrovo/intelFPGA_lite/21.1/nios2eds/bin/gnu/H-x86_64-pc-linux-gnu/bin/../lib/gcc/nios2-elf/11.2.1/../../../../../H-x86_64-pc-linux-gnu/nios2-elf/lib/libc.a(lib_a-fstatr.o)
 .text._fstat_r
                0x000000000002ff20       0x60 /home/danielcrovo/intelFPGA_lite/21.1/nios2eds/bin/gnu/H-x86_64-pc-linux-gnu/bin/../lib/gcc/nios2-elf/11.2.1/../../../../../H-x86_64-pc-linux-gnu/nios2-elf/lib/libc.a(lib_a-fstatr.o)
                0x000000000002ff20                _fstat_r
 .text          0x000000000002ff80        0x0 /home/danielcrovo/intelFPGA_lite/21.1/nios2eds/bin/gnu/H-x86_64-pc-linux-gnu/bin/../lib/gcc/nios2-elf/11.2.1/../../../../../H-x86_64-pc-linux-gnu/nios2-elf/lib/libc.a(lib_a-gdtoa-gethex.o)
 .text.rshift   0x000000000002ff80       0xdc /home/danielcrovo/intelFPGA_lite/21.1/nios2eds/bin/gnu/H-x86_64-pc-linux-gnu/bin/../lib/gcc/nios2-elf/11.2.1/../../../../../H-x86_64-pc-linux-gnu/nios2-elf/lib/libc.a(lib_a-gdtoa-gethex.o)
 .text.__gethex
                0x000000000003005c      0x8c4 /home/danielcrovo/intelFPGA_lite/21.1/nios2eds/bin/gnu/H-x86_64-pc-linux-gnu/bin/../lib/gcc/nios2-elf/11.2.1/../../../../../H-x86_64-pc-linux-gnu/nios2-elf/lib/libc.a(lib_a-gdtoa-gethex.o)
                0x000000000003005c                __gethex
 .text          0x0000000000030920        0x0 /home/danielcrovo/intelFPGA_lite/21.1/nios2eds/bin/gnu/H-x86_64-pc-linux-gnu/bin/../lib/gcc/nios2-elf/11.2.1/../../../../../H-x86_64-pc-linux-gnu/nios2-elf/lib/libc.a(lib_a-gdtoa-hexnan.o)
 .text.__match  0x0000000000030920       0x50 /home/danielcrovo/intelFPGA_lite/21.1/nios2eds/bin/gnu/H-x86_64-pc-linux-gnu/bin/../lib/gcc/nios2-elf/11.2.1/../../../../../H-x86_64-pc-linux-gnu/nios2-elf/lib/libc.a(lib_a-gdtoa-hexnan.o)
                0x0000000000030920                __match
 .text.__hexnan
                0x0000000000030970      0x290 /home/danielcrovo/intelFPGA_lite/21.1/nios2eds/bin/gnu/H-x86_64-pc-linux-gnu/bin/../lib/gcc/nios2-elf/11.2.1/../../../../../H-x86_64-pc-linux-gnu/nios2-elf/lib/libc.a(lib_a-gdtoa-hexnan.o)
                0x0000000000030970                __hexnan
 .text          0x0000000000030c00        0x0 /home/danielcrovo/intelFPGA_lite/21.1/nios2eds/bin/gnu/H-x86_64-pc-linux-gnu/bin/../lib/gcc/nios2-elf/11.2.1/../../../../../H-x86_64-pc-linux-gnu/nios2-elf/lib/libc.a(lib_a-int_errno.o)
 .text          0x0000000000030c00        0x0 /home/danielcrovo/intelFPGA_lite/21.1/nios2eds/bin/gnu/H-x86_64-pc-linux-gnu/bin/../lib/gcc/nios2-elf/11.2.1/../../../../../H-x86_64-pc-linux-gnu/nios2-elf/lib/libc.a(lib_a-isattyr.o)
 .text._isatty_r
                0x0000000000030c00       0x58 /home/danielcrovo/intelFPGA_lite/21.1/nios2eds/bin/gnu/H-x86_64-pc-linux-gnu/bin/../lib/gcc/nios2-elf/11.2.1/../../../../../H-x86_64-pc-linux-gnu/nios2-elf/lib/libc.a(lib_a-isattyr.o)
                0x0000000000030c00                _isatty_r
 .text          0x0000000000030c58        0x0 /home/danielcrovo/intelFPGA_lite/21.1/nios2eds/bin/gnu/H-x86_64-pc-linux-gnu/bin/../lib/gcc/nios2-elf/11.2.1/../../../../../H-x86_64-pc-linux-gnu/nios2-elf/lib/libc.a(lib_a-lnumeric.o)
 .text.__numeric_load_locale
                0x0000000000030c58        0x8 /home/danielcrovo/intelFPGA_lite/21.1/nios2eds/bin/gnu/H-x86_64-pc-linux-gnu/bin/../lib/gcc/nios2-elf/11.2.1/../../../../../H-x86_64-pc-linux-gnu/nios2-elf/lib/libc.a(lib_a-lnumeric.o)
                0x0000000000030c58                __numeric_load_locale
 .text          0x0000000000030c60        0x0 /home/danielcrovo/intelFPGA_lite/21.1/nios2eds/bin/gnu/H-x86_64-pc-linux-gnu/bin/../lib/gcc/nios2-elf/11.2.1/../../../../../H-x86_64-pc-linux-gnu/nios2-elf/lib/libc.a(lib_a-lseekr.o)
 .text._lseek_r
                0x0000000000030c60       0x64 /home/danielcrovo/intelFPGA_lite/21.1/nios2eds/bin/gnu/H-x86_64-pc-linux-gnu/bin/../lib/gcc/nios2-elf/11.2.1/../../../../../H-x86_64-pc-linux-gnu/nios2-elf/lib/libc.a(lib_a-lseekr.o)
                0x0000000000030c60                _lseek_r
 .text          0x0000000000030cc4        0x0 /home/danielcrovo/intelFPGA_lite/21.1/nios2eds/bin/gnu/H-x86_64-pc-linux-gnu/bin/../lib/gcc/nios2-elf/11.2.1/../../../../../H-x86_64-pc-linux-gnu/nios2-elf/lib/libc.a(lib_a-readr.o)
 .text._read_r  0x0000000000030cc4       0x64 /home/danielcrovo/intelFPGA_lite/21.1/nios2eds/bin/gnu/H-x86_64-pc-linux-gnu/bin/../lib/gcc/nios2-elf/11.2.1/../../../../../H-x86_64-pc-linux-gnu/nios2-elf/lib/libc.a(lib_a-readr.o)
                0x0000000000030cc4                _read_r
 .text          0x0000000000030d28        0x0 /home/danielcrovo/intelFPGA_lite/21.1/nios2eds/bin/gnu/H-x86_64-pc-linux-gnu/bin/../lib/gcc/nios2-elf/11.2.1/../../../../../H-x86_64-pc-linux-gnu/nios2-elf/lib/libc.a(lib_a-strncmp.o)
 .text.strncmp  0x0000000000030d28      0x114 /home/danielcrovo/intelFPGA_lite/21.1/nios2eds/bin/gnu/H-x86_64-pc-linux-gnu/bin/../lib/gcc/nios2-elf/11.2.1/../../../../../H-x86_64-pc-linux-gnu/nios2-elf/lib/libc.a(lib_a-strncmp.o)
                0x0000000000030d28                strncmp
 .text          0x0000000000030e3c        0x0 /home/danielcrovo/intelFPGA_lite/21.1/nios2eds/bin/gnu/H-x86_64-pc-linux-gnu/bin/../lib/gcc/nios2-elf/11.2.1/../../../../../H-x86_64-pc-linux-gnu/nios2-elf/lib/libc.a(lib_a-svfiprintf.o)
 .text.__ssprint_r
                0x0000000000030e3c      0x1c4 /home/danielcrovo/intelFPGA_lite/21.1/nios2eds/bin/gnu/H-x86_64-pc-linux-gnu/bin/../lib/gcc/nios2-elf/11.2.1/../../../../../H-x86_64-pc-linux-gnu/nios2-elf/lib/libc.a(lib_a-svfiprintf.o)
                0x0000000000030e3c                __ssprint_r
 .text.___svfiprintf_internal_r
                0x0000000000031000      0xff4 /home/danielcrovo/intelFPGA_lite/21.1/nios2eds/bin/gnu/H-x86_64-pc-linux-gnu/bin/../lib/gcc/nios2-elf/11.2.1/../../../../../H-x86_64-pc-linux-gnu/nios2-elf/lib/libc.a(lib_a-svfiprintf.o)
                0x0000000000031000                ___svfiprintf_internal_r
 .text          0x0000000000031ff4        0x0 /home/danielcrovo/intelFPGA_lite/21.1/nios2eds/bin/gnu/H-x86_64-pc-linux-gnu/bin/../lib/gcc/nios2-elf/11.2.1/../../../../../H-x86_64-pc-linux-gnu/nios2-elf/lib/libc.a(lib_a-vfiprintfr_1.o)
 .text._vfiprintf_r
                0x0000000000031ff4        0x4 /home/danielcrovo/intelFPGA_lite/21.1/nios2eds/bin/gnu/H-x86_64-pc-linux-gnu/bin/../lib/gcc/nios2-elf/11.2.1/../../../../../H-x86_64-pc-linux-gnu/nios2-elf/lib/libc.a(lib_a-vfiprintfr_1.o)
                0x0000000000031ff4                _vfiprintf_r
 .text          0x0000000000031ff8        0x0 /home/danielcrovo/intelFPGA_lite/21.1/nios2eds/bin/gnu/H-x86_64-pc-linux-gnu/bin/../lib/gcc/nios2-elf/11.2.1/../../../../../H-x86_64-pc-linux-gnu/nios2-elf/lib/libc.a(lib_a-wbuf.o)
 .text.__swbuf_r
                0x0000000000031ff8      0x148 /home/danielcrovo/intelFPGA_lite/21.1/nios2eds/bin/gnu/H-x86_64-pc-linux-gnu/bin/../lib/gcc/nios2-elf/11.2.1/../../../../../H-x86_64-pc-linux-gnu/nios2-elf/lib/libc.a(lib_a-wbuf.o)
                0x0000000000031ff8                __swbuf_r
 .text.__swbuf  0x0000000000032140       0x18 /home/danielcrovo/intelFPGA_lite/21.1/nios2eds/bin/gnu/H-x86_64-pc-linux-gnu/bin/../lib/gcc/nios2-elf/11.2.1/../../../../../H-x86_64-pc-linux-gnu/nios2-elf/lib/libc.a(lib_a-wbuf.o)
                0x0000000000032140                __swbuf
 .text          0x0000000000032158        0x0 /home/danielcrovo/intelFPGA_lite/21.1/nios2eds/bin/gnu/H-x86_64-pc-linux-gnu/bin/../lib/gcc/nios2-elf/11.2.1/../../../../../H-x86_64-pc-linux-gnu/nios2-elf/lib/libc.a(lib_a-wcrtomb.o)
 .text._wcrtomb_r
                0x0000000000032158       0x6c /home/danielcrovo/intelFPGA_lite/21.1/nios2eds/bin/gnu/H-x86_64-pc-linux-gnu/bin/../lib/gcc/nios2-elf/11.2.1/../../../../../H-x86_64-pc-linux-gnu/nios2-elf/lib/libc.a(lib_a-wcrtomb.o)
                0x0000000000032158                _wcrtomb_r
 .text.wcrtomb  0x00000000000321c4       0x88 /home/danielcrovo/intelFPGA_lite/21.1/nios2eds/bin/gnu/H-x86_64-pc-linux-gnu/bin/../lib/gcc/nios2-elf/11.2.1/../../../../../H-x86_64-pc-linux-gnu/nios2-elf/lib/libc.a(lib_a-wcrtomb.o)
                0x00000000000321c4                wcrtomb
 .text          0x000000000003224c        0x0 /home/danielcrovo/intelFPGA_lite/21.1/nios2eds/bin/gnu/H-x86_64-pc-linux-gnu/bin/../lib/gcc/nios2-elf/11.2.1/../../../../../H-x86_64-pc-linux-gnu/nios2-elf/lib/libc.a(lib_a-abort.o)
 .text.unlikely.abort
                0x000000000003224c       0x18 /home/danielcrovo/intelFPGA_lite/21.1/nios2eds/bin/gnu/H-x86_64-pc-linux-gnu/bin/../lib/gcc/nios2-elf/11.2.1/../../../../../H-x86_64-pc-linux-gnu/nios2-elf/lib/libc.a(lib_a-abort.o)
                0x000000000003224c                abort
 .text          0x0000000000032264        0x0 /home/danielcrovo/intelFPGA_lite/21.1/nios2eds/bin/gnu/H-x86_64-pc-linux-gnu/bin/../lib/gcc/nios2-elf/11.2.1/../../../../../H-x86_64-pc-linux-gnu/nios2-elf/lib/libc.a(lib_a-signal.o)
 .text._init_signal_r
                0x0000000000032264       0x5c /home/danielcrovo/intelFPGA_lite/21.1/nios2eds/bin/gnu/H-x86_64-pc-linux-gnu/bin/../lib/gcc/nios2-elf/11.2.1/../../../../../H-x86_64-pc-linux-gnu/nios2-elf/lib/libc.a(lib_a-signal.o)
                0x0000000000032264                _init_signal_r
 .text._signal_r
                0x00000000000322c0       0x98 /home/danielcrovo/intelFPGA_lite/21.1/nios2eds/bin/gnu/H-x86_64-pc-linux-gnu/bin/../lib/gcc/nios2-elf/11.2.1/../../../../../H-x86_64-pc-linux-gnu/nios2-elf/lib/libc.a(lib_a-signal.o)
                0x00000000000322c0                _signal_r
 .text._raise_r
                0x0000000000032358       0xc4 /home/danielcrovo/intelFPGA_lite/21.1/nios2eds/bin/gnu/H-x86_64-pc-linux-gnu/bin/../lib/gcc/nios2-elf/11.2.1/../../../../../H-x86_64-pc-linux-gnu/nios2-elf/lib/libc.a(lib_a-signal.o)
                0x0000000000032358                _raise_r
 .text.__sigtramp_r
                0x000000000003241c       0xbc /home/danielcrovo/intelFPGA_lite/21.1/nios2eds/bin/gnu/H-x86_64-pc-linux-gnu/bin/../lib/gcc/nios2-elf/11.2.1/../../../../../H-x86_64-pc-linux-gnu/nios2-elf/lib/libc.a(lib_a-signal.o)
                0x000000000003241c                __sigtramp_r
 .text.raise    0x00000000000324d8       0xbc /home/danielcrovo/intelFPGA_lite/21.1/nios2eds/bin/gnu/H-x86_64-pc-linux-gnu/bin/../lib/gcc/nios2-elf/11.2.1/../../../../../H-x86_64-pc-linux-gnu/nios2-elf/lib/libc.a(lib_a-signal.o)
                0x00000000000324d8                raise
 .text.signal   0x0000000000032594       0xa0 /home/danielcrovo/intelFPGA_lite/21.1/nios2eds/bin/gnu/H-x86_64-pc-linux-gnu/bin/../lib/gcc/nios2-elf/11.2.1/../../../../../H-x86_64-pc-linux-gnu/nios2-elf/lib/libc.a(lib_a-signal.o)
                0x0000000000032594                signal
 .text._init_signal
                0x0000000000032634       0x60 /home/danielcrovo/intelFPGA_lite/21.1/nios2eds/bin/gnu/H-x86_64-pc-linux-gnu/bin/../lib/gcc/nios2-elf/11.2.1/../../../../../H-x86_64-pc-linux-gnu/nios2-elf/lib/libc.a(lib_a-signal.o)
                0x0000000000032634                _init_signal
 .text.__sigtramp
                0x0000000000032694       0xbc /home/danielcrovo/intelFPGA_lite/21.1/nios2eds/bin/gnu/H-x86_64-pc-linux-gnu/bin/../lib/gcc/nios2-elf/11.2.1/../../../../../H-x86_64-pc-linux-gnu/nios2-elf/lib/libc.a(lib_a-signal.o)
                0x0000000000032694                __sigtramp
 .text          0x0000000000032750        0x0 /home/danielcrovo/intelFPGA_lite/21.1/nios2eds/bin/gnu/H-x86_64-pc-linux-gnu/bin/../lib/gcc/nios2-elf/11.2.1/../../../../../H-x86_64-pc-linux-gnu/nios2-elf/lib/libc.a(lib_a-signalr.o)
 .text._kill_r  0x0000000000032750       0x60 /home/danielcrovo/intelFPGA_lite/21.1/nios2eds/bin/gnu/H-x86_64-pc-linux-gnu/bin/../lib/gcc/nios2-elf/11.2.1/../../../../../H-x86_64-pc-linux-gnu/nios2-elf/lib/libc.a(lib_a-signalr.o)
                0x0000000000032750                _kill_r
 .text._getpid_r
                0x00000000000327b0        0x4 /home/danielcrovo/intelFPGA_lite/21.1/nios2eds/bin/gnu/H-x86_64-pc-linux-gnu/bin/../lib/gcc/nios2-elf/11.2.1/../../../../../H-x86_64-pc-linux-gnu/nios2-elf/lib/libc.a(lib_a-signalr.o)
                0x00000000000327b0                _getpid_r
 .text          0x00000000000327b4       0x60 /home/danielcrovo/intelFPGA_lite/21.1/nios2eds/bin/gnu/H-x86_64-pc-linux-gnu/bin/../lib/gcc/nios2-elf/11.2.1/libgcc.a(_muldi3.o)
                0x00000000000327b4                __muldi3
 .text          0x0000000000032814       0x74 /home/danielcrovo/intelFPGA_lite/21.1/nios2eds/bin/gnu/H-x86_64-pc-linux-gnu/bin/../lib/gcc/nios2-elf/11.2.1/libgcc.a(_fixunsdfsi.o)
                0x0000000000032814                __fixunsdfsi
 .text          0x0000000000032888       0x74 /home/danielcrovo/intelFPGA_lite/21.1/nios2eds/bin/gnu/H-x86_64-pc-linux-gnu/bin/../lib/gcc/nios2-elf/11.2.1/libgcc.a(_fixdfdi.o)
                0x0000000000032888                __fixdfdi
 .text          0x00000000000328fc       0x90 /home/danielcrovo/intelFPGA_lite/21.1/nios2eds/bin/gnu/H-x86_64-pc-linux-gnu/bin/../lib/gcc/nios2-elf/11.2.1/libgcc.a(_fixunsdfdi.o)
                0x00000000000328fc                __fixunsdfdi
 .text          0x000000000003298c       0x70 /home/danielcrovo/intelFPGA_lite/21.1/nios2eds/bin/gnu/H-x86_64-pc-linux-gnu/bin/../lib/gcc/nios2-elf/11.2.1/libgcc.a(_floatdidf.o)
                0x000000000003298c                __floatdidf
 .text          0x00000000000329fc      0x550 /home/danielcrovo/intelFPGA_lite/21.1/nios2eds/bin/gnu/H-x86_64-pc-linux-gnu/bin/../lib/gcc/nios2-elf/11.2.1/libgcc.a(_udivdi3.o)
                0x00000000000329fc                __udivdi3
 .text          0x0000000000032f4c      0x510 /home/danielcrovo/intelFPGA_lite/21.1/nios2eds/bin/gnu/H-x86_64-pc-linux-gnu/bin/../lib/gcc/nios2-elf/11.2.1/libgcc.a(_umoddi3.o)
                0x0000000000032f4c                __umoddi3
 .text          0x000000000003345c       0xb4 /home/danielcrovo/intelFPGA_lite/21.1/nios2eds/bin/gnu/H-x86_64-pc-linux-gnu/bin/../lib/gcc/nios2-elf/11.2.1/libgcc.a(lesf2.o)
                0x000000000003345c                __lesf2
                0x000000000003345c                __ltsf2
 .text          0x0000000000033510       0x4c /home/danielcrovo/intelFPGA_lite/21.1/nios2eds/bin/gnu/H-x86_64-pc-linux-gnu/bin/../lib/gcc/nios2-elf/11.2.1/libgcc.a(unordsf2.o)
                0x0000000000033510                __unordsf2
 .text          0x000000000003355c      0x90c /home/danielcrovo/intelFPGA_lite/21.1/nios2eds/bin/gnu/H-x86_64-pc-linux-gnu/bin/../lib/gcc/nios2-elf/11.2.1/libgcc.a(adddf3.o)
                0x000000000003355c                __adddf3
 .text          0x0000000000033e68      0x84c /home/danielcrovo/intelFPGA_lite/21.1/nios2eds/bin/gnu/H-x86_64-pc-linux-gnu/bin/../lib/gcc/nios2-elf/11.2.1/libgcc.a(divdf3.o)
                0x0000000000033e68                __divdf3
 .text          0x00000000000346b4       0x80 /home/danielcrovo/intelFPGA_lite/21.1/nios2eds/bin/gnu/H-x86_64-pc-linux-gnu/bin/../lib/gcc/nios2-elf/11.2.1/libgcc.a(eqdf2.o)
                0x00000000000346b4                __eqdf2
                0x00000000000346b4                __nedf2
 .text          0x0000000000034734       0xe8 /home/danielcrovo/intelFPGA_lite/21.1/nios2eds/bin/gnu/H-x86_64-pc-linux-gnu/bin/../lib/gcc/nios2-elf/11.2.1/libgcc.a(gedf2.o)
                0x0000000000034734                __gtdf2
                0x0000000000034734                __gedf2
 .text          0x000000000003481c       0xe8 /home/danielcrovo/intelFPGA_lite/21.1/nios2eds/bin/gnu/H-x86_64-pc-linux-gnu/bin/../lib/gcc/nios2-elf/11.2.1/libgcc.a(ledf2.o)
                0x000000000003481c                __ltdf2
                0x000000000003481c                __ledf2
 .text          0x0000000000034904      0x714 /home/danielcrovo/intelFPGA_lite/21.1/nios2eds/bin/gnu/H-x86_64-pc-linux-gnu/bin/../lib/gcc/nios2-elf/11.2.1/libgcc.a(muldf3.o)
                0x0000000000034904                __muldf3
 .text          0x0000000000035018      0x8d4 /home/danielcrovo/intelFPGA_lite/21.1/nios2eds/bin/gnu/H-x86_64-pc-linux-gnu/bin/../lib/gcc/nios2-elf/11.2.1/libgcc.a(subdf3.o)
                0x0000000000035018                __subdf3
 .text          0x00000000000358ec       0x54 /home/danielcrovo/intelFPGA_lite/21.1/nios2eds/bin/gnu/H-x86_64-pc-linux-gnu/bin/../lib/gcc/nios2-elf/11.2.1/libgcc.a(unorddf2.o)
                0x00000000000358ec                __unorddf2
 .text          0x0000000000035940       0x80 /home/danielcrovo/intelFPGA_lite/21.1/nios2eds/bin/gnu/H-x86_64-pc-linux-gnu/bin/../lib/gcc/nios2-elf/11.2.1/libgcc.a(fixdfsi.o)
                0x0000000000035940                __fixdfsi
 .text          0x00000000000359c0       0xb8 /home/danielcrovo/intelFPGA_lite/21.1/nios2eds/bin/gnu/H-x86_64-pc-linux-gnu/bin/../lib/gcc/nios2-elf/11.2.1/libgcc.a(floatsidf.o)
                0x00000000000359c0                __floatsidf
 .text          0x0000000000035a78       0x90 /home/danielcrovo/intelFPGA_lite/21.1/nios2eds/bin/gnu/H-x86_64-pc-linux-gnu/bin/../lib/gcc/nios2-elf/11.2.1/libgcc.a(floatunsidf.o)
                0x0000000000035a78                __floatunsidf
 .text          0x0000000000035b08      0x178 /home/danielcrovo/intelFPGA_lite/21.1/nios2eds/bin/gnu/H-x86_64-pc-linux-gnu/bin/../lib/gcc/nios2-elf/11.2.1/libgcc.a(truncdfsf2.o)
                0x0000000000035b08                __truncdfsf2
 .text          0x0000000000035c80        0x0 /home/danielcrovo/intelFPGA_lite/21.1/nios2eds/bin/gnu/H-x86_64-pc-linux-gnu/bin/../lib/gcc/nios2-elf/11.2.1/libgcc.a(_clz.o)
 .text          0x0000000000035c80       0x50 /home/danielcrovo/intelFPGA_lite/21.1/nios2eds/bin/gnu/H-x86_64-pc-linux-gnu/bin/../lib/gcc/nios2-elf/11.2.1/libgcc.a(_clzsi2.o)
                0x0000000000035c80                __clzsi2
 .text          0x0000000000035cd0      0x10c ../nios_div_bsp//libhal_bsp.a(alt_close.o)
                0x0000000000035d0c                close
 .text          0x0000000000035ddc       0x2c ../nios_div_bsp//libhal_bsp.a(alt_dev.o)
 .text          0x0000000000035e08        0x0 ../nios_div_bsp//libhal_bsp.a(alt_errno.o)
 .text          0x0000000000035e08       0x38 ../nios_div_bsp//libhal_bsp.a(alt_exit.o)
                0x0000000000035e08                _exit
 .text          0x0000000000035e40       0xec ../nios_div_bsp//libhal_bsp.a(alt_fstat.o)
                0x0000000000035e7c                fstat
 .text          0x0000000000035f2c       0x20 ../nios_div_bsp//libhal_bsp.a(alt_getpid.o)
                0x0000000000035f2c                getpid
 .text          0x0000000000035f4c       0xe0 ../nios_div_bsp//libhal_bsp.a(alt_isatty.o)
                0x0000000000035f88                isatty
 .text          0x000000000003602c      0x12c ../nios_div_bsp//libhal_bsp.a(alt_kill.o)
                0x0000000000036068                kill
 .text          0x0000000000036158       0xec ../nios_div_bsp//libhal_bsp.a(alt_load.o)
                0x00000000000361c0                alt_load
 .text          0x0000000000036244      0x110 ../nios_div_bsp//libhal_bsp.a(alt_lseek.o)
                0x0000000000036280                lseek
 .text          0x0000000000036354       0x7c ../nios_div_bsp//libhal_bsp.a(alt_main.o)
                0x0000000000036354                alt_main
 .text          0x00000000000363d0       0x48 ../nios_div_bsp//libhal_bsp.a(alt_malloc_lock.o)
                0x00000000000363d0                __malloc_lock
                0x00000000000363f4                __malloc_unlock
 .text          0x0000000000036418      0x138 ../nios_div_bsp//libhal_bsp.a(alt_read.o)
                0x0000000000036454                read
 .text          0x0000000000036550       0x58 ../nios_div_bsp//libhal_bsp.a(alt_release_fd.o)
                0x0000000000036550                alt_release_fd
 .text          0x00000000000365a8       0xb8 ../nios_div_bsp//libhal_bsp.a(alt_sbrk.o)
                0x00000000000365a8                sbrk
 .text          0x0000000000036660      0x134 ../nios_div_bsp//libhal_bsp.a(alt_write.o)
                0x000000000003669c                write
 .text          0x0000000000036794       0xbc ../nios_div_bsp//libhal_bsp.a(alt_sys_init.o)
                0x00000000000367c8                alt_irq_init
                0x0000000000036804                alt_sys_init
 .text          0x0000000000036850      0x164 ../nios_div_bsp//libhal_bsp.a(altera_avalon_jtag_uart_fd.o)
                0x0000000000036850                altera_avalon_jtag_uart_read_fd
                0x00000000000368b0                altera_avalon_jtag_uart_write_fd
                0x0000000000036910                altera_avalon_jtag_uart_close_fd
                0x0000000000036960                altera_avalon_jtag_uart_ioctl_fd
 .text          0x00000000000369b4      0x3d4 ../nios_div_bsp//libhal_bsp.a(altera_avalon_jtag_uart_init.o)
                0x00000000000369b4                altera_avalon_jtag_uart_init
                0x0000000000036d20                altera_avalon_jtag_uart_close
 .text          0x0000000000036d88       0xf4 ../nios_div_bsp//libhal_bsp.a(altera_avalon_jtag_uart_ioctl.o)
                0x0000000000036d88                altera_avalon_jtag_uart_ioctl
 .text          0x0000000000036e7c      0x220 ../nios_div_bsp//libhal_bsp.a(altera_avalon_jtag_uart_read.o)
                0x0000000000036e7c                altera_avalon_jtag_uart_read
 .text          0x000000000003709c      0x228 ../nios_div_bsp//libhal_bsp.a(altera_avalon_jtag_uart_write.o)
                0x000000000003709c                altera_avalon_jtag_uart_write
 .text          0x00000000000372c4      0x160 ../nios_div_bsp//libhal_bsp.a(alt_alarm_start.o)
                0x00000000000372c4                alt_alarm_start
 .text          0x0000000000037424       0x4c ../nios_div_bsp//libhal_bsp.a(alt_dcache_flush_all.o)
                0x0000000000037424                alt_dcache_flush_all
 .text          0x0000000000037470       0xe4 ../nios_div_bsp//libhal_bsp.a(alt_dev_llist_insert.o)
                0x00000000000374ac                alt_dev_llist_insert
 .text          0x0000000000037554       0x64 ../nios_div_bsp//libhal_bsp.a(alt_do_ctors.o)
                0x0000000000037554                _do_ctors
 .text          0x00000000000375b8       0x64 ../nios_div_bsp//libhal_bsp.a(alt_do_dtors.o)
                0x00000000000375b8                _do_dtors
 .text          0x000000000003761c       0x34 ../nios_div_bsp//libhal_bsp.a(alt_icache_flush_all.o)
                0x000000000003761c                alt_icache_flush_all
 .text          0x0000000000037650      0x1b0 ../nios_div_bsp//libhal_bsp.a(alt_iic.o)
                0x0000000000037650                alt_ic_isr_register
                0x00000000000376a0                alt_ic_irq_enable
                0x0000000000037728                alt_ic_irq_disable
                0x00000000000377b4                alt_ic_irq_enabled
 .text          0x0000000000037800       0xe8 ../nios_div_bsp//libhal_bsp.a(alt_iic_isr_register.o)
                0x0000000000037800                alt_iic_isr_register
 .text          0x00000000000378e8      0x12c ../nios_div_bsp//libhal_bsp.a(alt_io_redirect.o)
                0x0000000000037998                alt_io_redirect
 .text          0x0000000000037a14        0x0 ../nios_div_bsp//libhal_bsp.a(alt_irq_entry.o)
 .text          0x0000000000037a14        0x0 ../nios_div_bsp//libhal_bsp.a(alt_irq_handler.o)
 .text          0x0000000000037a14        0x0 ../nios_div_bsp//libhal_bsp.a(alt_irq_vars.o)
 .text          0x0000000000037a14      0x248 ../nios_div_bsp//libhal_bsp.a(alt_open.o)
                0x0000000000037b08                open
 .text          0x0000000000037c5c      0x1d0 ../nios_div_bsp//libhal_bsp.a(alt_tick.o)
                0x0000000000037c5c                alt_alarm_stop
                0x0000000000037d00                alt_tick
 .text          0x0000000000037e2c       0x24 ../nios_div_bsp//libhal_bsp.a(altera_nios2_gen2_irq.o)
                0x0000000000037e2c                altera_nios2_gen2_irq_init
 .text          0x0000000000037e50        0x0 ../nios_div_bsp//libhal_bsp.a(alt_exception_entry.o)
 .text          0x0000000000037e50       0x90 ../nios_div_bsp//libhal_bsp.a(alt_find_dev.o)
                0x0000000000037e50                alt_find_dev
 .text          0x0000000000037ee0      0x108 ../nios_div_bsp//libhal_bsp.a(alt_find_file.o)
                0x0000000000037ee0                alt_find_file
 .text          0x0000000000037fe8       0xa0 ../nios_div_bsp//libhal_bsp.a(alt_get_fd.o)
                0x0000000000037fe8                alt_get_fd
 .text          0x0000000000038088       0x90 ../nios_div_bsp//libhal_bsp.a(alt_icache_flush.o)
                0x0000000000038088                alt_icache_flush
 .text          0x0000000000038118       0x74 ../nios_div_bsp//libhal_bsp.a(alt_instruction_exception_entry.o)
                0x0000000000038118                alt_exception_cause_generated_bad_addr
 .text          0x000000000003818c        0x0 /home/danielcrovo/intelFPGA_lite/21.1/nios2eds/bin/gnu/H-x86_64-pc-linux-gnu/bin/../lib/gcc/nios2-elf/11.2.1/../../../../../H-x86_64-pc-linux-gnu/nios2-elf/lib/libc.a(lib_a-atexit.o)
 .text.atexit   0x000000000003818c       0x14 /home/danielcrovo/intelFPGA_lite/21.1/nios2eds/bin/gnu/H-x86_64-pc-linux-gnu/bin/../lib/gcc/nios2-elf/11.2.1/../../../../../H-x86_64-pc-linux-gnu/nios2-elf/lib/libc.a(lib_a-atexit.o)
                0x000000000003818c                atexit
 .text          0x00000000000381a0        0x0 /home/danielcrovo/intelFPGA_lite/21.1/nios2eds/bin/gnu/H-x86_64-pc-linux-gnu/bin/../lib/gcc/nios2-elf/11.2.1/../../../../../H-x86_64-pc-linux-gnu/nios2-elf/lib/libc.a(lib_a-exit.o)
 .text.exit     0x00000000000381a0       0x34 /home/danielcrovo/intelFPGA_lite/21.1/nios2eds/bin/gnu/H-x86_64-pc-linux-gnu/bin/../lib/gcc/nios2-elf/11.2.1/../../../../../H-x86_64-pc-linux-gnu/nios2-elf/lib/libc.a(lib_a-exit.o)
                0x00000000000381a0                exit
 .text          0x00000000000381d4        0x0 /home/danielcrovo/intelFPGA_lite/21.1/nios2eds/bin/gnu/H-x86_64-pc-linux-gnu/bin/../lib/gcc/nios2-elf/11.2.1/../../../../../H-x86_64-pc-linux-gnu/nios2-elf/lib/libc.a(lib_a-memcmp.o)
 .text.memcmp   0x00000000000381d4       0x78 /home/danielcrovo/intelFPGA_lite/21.1/nios2eds/bin/gnu/H-x86_64-pc-linux-gnu/bin/../lib/gcc/nios2-elf/11.2.1/../../../../../H-x86_64-pc-linux-gnu/nios2-elf/lib/libc.a(lib_a-memcmp.o)
                0x00000000000381d4                memcmp
 .text          0x000000000003824c        0x0 /home/danielcrovo/intelFPGA_lite/21.1/nios2eds/bin/gnu/H-x86_64-pc-linux-gnu/bin/../lib/gcc/nios2-elf/11.2.1/../../../../../H-x86_64-pc-linux-gnu/nios2-elf/lib/libc.a(lib_a-__atexit.o)
 .text.__register_exitproc
                0x000000000003824c       0x90 /home/danielcrovo/intelFPGA_lite/21.1/nios2eds/bin/gnu/H-x86_64-pc-linux-gnu/bin/../lib/gcc/nios2-elf/11.2.1/../../../../../H-x86_64-pc-linux-gnu/nios2-elf/lib/libc.a(lib_a-__atexit.o)
                0x000000000003824c                __register_exitproc
 .text          0x00000000000382dc        0x0 /home/danielcrovo/intelFPGA_lite/21.1/nios2eds/bin/gnu/H-x86_64-pc-linux-gnu/bin/../lib/gcc/nios2-elf/11.2.1/../../../../../H-x86_64-pc-linux-gnu/nios2-elf/lib/libc.a(lib_a-__call_atexit.o)
 .text.__call_exitprocs
                0x00000000000382dc      0x120 /home/danielcrovo/intelFPGA_lite/21.1/nios2eds/bin/gnu/H-x86_64-pc-linux-gnu/bin/../lib/gcc/nios2-elf/11.2.1/../../../../../H-x86_64-pc-linux-gnu/nios2-elf/lib/libc.a(lib_a-__call_atexit.o)
                0x00000000000382dc                __call_exitprocs
 *(.gnu.warning.*)
 *(.fini)
                [!provide]                        PROVIDE (__etext = ABSOLUTE (.))
                [!provide]                        PROVIDE (_etext = ABSOLUTE (.))
                [!provide]                        PROVIDE (etext = ABSOLUTE (.))
 *(.eh_frame_hdr)
                0x00000000000383fc                . = ALIGN (0x4)
                [!provide]                        PROVIDE (__preinit_array_start = ABSOLUTE (.))
 *(.preinit_array)
                [!provide]                        PROVIDE (__preinit_array_end = ABSOLUTE (.))
                [!provide]                        PROVIDE (__init_array_start = ABSOLUTE (.))
 *(.init_array)
                [!provide]                        PROVIDE (__init_array_end = ABSOLUTE (.))
                [!provide]                        PROVIDE (__fini_array_start = ABSOLUTE (.))
 *(.fini_array)
                [!provide]                        PROVIDE (__fini_array_end = ABSOLUTE (.))
 *(.eh_frame)
 *(.gcc_except_table .gcc_except_table.*)
 *(.dynamic)
                0x00000000000383fc                PROVIDE (__CTOR_LIST__ = ABSOLUTE (.))
 *(.ctors)
 *(SORT_BY_NAME(.ctors.*))
                0x00000000000383fc                PROVIDE (__CTOR_END__ = ABSOLUTE (.))
                0x00000000000383fc                PROVIDE (__DTOR_LIST__ = ABSOLUTE (.))
 *(.dtors)
 *(SORT_BY_NAME(.dtors.*))
                0x00000000000383fc                PROVIDE (__DTOR_END__ = ABSOLUTE (.))
 *(.jcr)
                0x00000000000383fc                . = ALIGN (0x4)

.rodata         0x00000000000383fc      0x930
                0x00000000000383fc                PROVIDE (__ram_rodata_start = ABSOLUTE (.))
                0x00000000000383fc                . = ALIGN (0x4)
 *(.rodata .rodata.* .gnu.linkonce.r.*)
 .rodata        0x00000000000383fc       0xd0 obj/default/hello_world.o
 .rodata._puts_r.str1.4
                0x00000000000384cc        0x2 /home/danielcrovo/intelFPGA_lite/21.1/nios2eds/bin/gnu/H-x86_64-pc-linux-gnu/bin/../lib/gcc/nios2-elf/11.2.1/../../../../../H-x86_64-pc-linux-gnu/nios2-elf/lib/libc.a(lib_a-puts.o)
 *fill*         0x00000000000384ce        0x2 
 .rodata.___vfprintf_internal_r.str1.4
                0x00000000000384d0       0x42 /home/danielcrovo/intelFPGA_lite/21.1/nios2eds/bin/gnu/H-x86_64-pc-linux-gnu/bin/../lib/gcc/nios2-elf/11.2.1/../../../../../H-x86_64-pc-linux-gnu/nios2-elf/lib/libc.a(lib_a-vfprintf.o)
 *fill*         0x0000000000038512        0x2 
 .rodata.zeroes.0
                0x0000000000038514       0x10 /home/danielcrovo/intelFPGA_lite/21.1/nios2eds/bin/gnu/H-x86_64-pc-linux-gnu/bin/../lib/gcc/nios2-elf/11.2.1/../../../../../H-x86_64-pc-linux-gnu/nios2-elf/lib/libc.a(lib_a-vfprintf.o)
 .rodata.blanks.1
                0x0000000000038524       0x10 /home/danielcrovo/intelFPGA_lite/21.1/nios2eds/bin/gnu/H-x86_64-pc-linux-gnu/bin/../lib/gcc/nios2-elf/11.2.1/../../../../../H-x86_64-pc-linux-gnu/nios2-elf/lib/libc.a(lib_a-vfprintf.o)
 .rodata.__svfscanf_r.str1.4
                0x0000000000038534        0x5 /home/danielcrovo/intelFPGA_lite/21.1/nios2eds/bin/gnu/H-x86_64-pc-linux-gnu/bin/../lib/gcc/nios2-elf/11.2.1/../../../../../H-x86_64-pc-linux-gnu/nios2-elf/lib/libc.a(lib_a-vfscanf.o)
 *fill*         0x0000000000038539        0x1 
 .rodata.basefix.0
                0x000000000003853a       0x22 /home/danielcrovo/intelFPGA_lite/21.1/nios2eds/bin/gnu/H-x86_64-pc-linux-gnu/bin/../lib/gcc/nios2-elf/11.2.1/../../../../../H-x86_64-pc-linux-gnu/nios2-elf/lib/libc.a(lib_a-vfscanf.o)
 .rodata._ctype_
                0x000000000003855c      0x101 /home/danielcrovo/intelFPGA_lite/21.1/nios2eds/bin/gnu/H-x86_64-pc-linux-gnu/bin/../lib/gcc/nios2-elf/11.2.1/../../../../../H-x86_64-pc-linux-gnu/nios2-elf/lib/libc.a(lib_a-ctype_.o)
                0x000000000003855c                _ctype_
 *fill*         0x000000000003865d        0x3 
 .rodata._ctype_b
                0x0000000000038660      0x180 /home/danielcrovo/intelFPGA_lite/21.1/nios2eds/bin/gnu/H-x86_64-pc-linux-gnu/bin/../lib/gcc/nios2-elf/11.2.1/../../../../../H-x86_64-pc-linux-gnu/nios2-elf/lib/libc.a(lib_a-ctype_.o)
                0x0000000000038660                _ctype_b
 .rodata._dtoa_r.str1.4
                0x00000000000387e0       0x5e /home/danielcrovo/intelFPGA_lite/21.1/nios2eds/bin/gnu/H-x86_64-pc-linux-gnu/bin/../lib/gcc/nios2-elf/11.2.1/../../../../../H-x86_64-pc-linux-gnu/nios2-elf/lib/libc.a(lib_a-dtoa.o)
                                         0x62 (size before relaxing)
 *fill*         0x000000000003883e        0x2 
 .rodata._setlocale_r.str1.4
                0x0000000000038840        0xa /home/danielcrovo/intelFPGA_lite/21.1/nios2eds/bin/gnu/H-x86_64-pc-linux-gnu/bin/../lib/gcc/nios2-elf/11.2.1/../../../../../H-x86_64-pc-linux-gnu/nios2-elf/lib/libc.a(lib_a-locale.o)
 *fill*         0x000000000003884a        0x2 
 .rodata.str1.4
                0x000000000003884c        0x2 /home/danielcrovo/intelFPGA_lite/21.1/nios2eds/bin/gnu/H-x86_64-pc-linux-gnu/bin/../lib/gcc/nios2-elf/11.2.1/../../../../../H-x86_64-pc-linux-gnu/nios2-elf/lib/libc.a(lib_a-locale.o)
                                          0x5 (size before relaxing)
 .rodata._mbrtowc_r.str1.4
                0x000000000003884e        0x1 /home/danielcrovo/intelFPGA_lite/21.1/nios2eds/bin/gnu/H-x86_64-pc-linux-gnu/bin/../lib/gcc/nios2-elf/11.2.1/../../../../../H-x86_64-pc-linux-gnu/nios2-elf/lib/libc.a(lib_a-mbrtowc.o)
 *fill*         0x000000000003884e        0x2 
 .rodata.__multadd.str1.4
                0x0000000000038850       0x3b /home/danielcrovo/intelFPGA_lite/21.1/nios2eds/bin/gnu/H-x86_64-pc-linux-gnu/bin/../lib/gcc/nios2-elf/11.2.1/../../../../../H-x86_64-pc-linux-gnu/nios2-elf/lib/libc.a(lib_a-mprec.o)
                                         0x4f (size before relaxing)
 *fill*         0x000000000003888b        0x1 
 .rodata.p05.0  0x000000000003888c        0xc /home/danielcrovo/intelFPGA_lite/21.1/nios2eds/bin/gnu/H-x86_64-pc-linux-gnu/bin/../lib/gcc/nios2-elf/11.2.1/../../../../../H-x86_64-pc-linux-gnu/nios2-elf/lib/libc.a(lib_a-mprec.o)
 .rodata.__mprec_tinytens
                0x0000000000038898       0x28 /home/danielcrovo/intelFPGA_lite/21.1/nios2eds/bin/gnu/H-x86_64-pc-linux-gnu/bin/../lib/gcc/nios2-elf/11.2.1/../../../../../H-x86_64-pc-linux-gnu/nios2-elf/lib/libc.a(lib_a-mprec.o)
                0x0000000000038898                __mprec_tinytens
 .rodata.__mprec_bigtens
                0x00000000000388c0       0x28 /home/danielcrovo/intelFPGA_lite/21.1/nios2eds/bin/gnu/H-x86_64-pc-linux-gnu/bin/../lib/gcc/nios2-elf/11.2.1/../../../../../H-x86_64-pc-linux-gnu/nios2-elf/lib/libc.a(lib_a-mprec.o)
                0x00000000000388c0                __mprec_bigtens
 .rodata.__mprec_tens
                0x00000000000388e8       0xc8 /home/danielcrovo/intelFPGA_lite/21.1/nios2eds/bin/gnu/H-x86_64-pc-linux-gnu/bin/../lib/gcc/nios2-elf/11.2.1/../../../../../H-x86_64-pc-linux-gnu/nios2-elf/lib/libc.a(lib_a-mprec.o)
                0x00000000000388e8                __mprec_tens
 .rodata._strtod_l.str1.4